  正在确定要还原的项目…
D:\shangshizhi\src\SmartConstruction.Web\SmartConstruction.Web.csproj : warning NU1904: 包 "Refit" 7.0.0 具有已知的 严重 严重性漏洞，https://github.com/advisories/GHSA-3hxg-fxwm-8gf7 [D:\shangshizhi\SmartConstruction.sln]
D:\shangshizhi\src\SmartConstruction.Service\SmartConstruction.Service.csproj : warning NU1603: SmartConstruction.Service 依赖于 Swashbuckle.AspNetCore (>= 8.0.3)，但没有找到 Swashbuckle.AspNetCore 8.0.3。已改为解析 Swashbuckle.AspNetCore 8.1.0。 [D:\shangshizhi\SmartConstruction.sln]
  所有项目均是最新的，无法还原。
D:\shangshizhi\src\SmartConstruction.Web\SmartConstruction.Web.csproj : warning NU1904: 包 "Refit" 7.0.0 具有已知的 严重 严重性漏洞，https://github.com/advisories/GHSA-3hxg-fxwm-8gf7
  SmartConstruction.Shared -> D:\shangshizhi\src\SmartConstruction.Shared\bin\Debug\net8.0\SmartConstruction.Shared.dll
  SmartConstruction.Contracts -> D:\shangshizhi\src\SmartConstruction.Contracts\bin\Debug\net8.0\SmartConstruction.Contracts.dll
D:\shangshizhi\src\SmartConstruction.Service\SmartConstruction.Service.csproj : warning NU1603: SmartConstruction.Service 依赖于 Swashbuckle.AspNetCore (>= 8.0.3)，但没有找到 Swashbuckle.AspNetCore 8.0.3。已改为解析 Swashbuckle.AspNetCore 8.1.0。
D:\shangshizhi\src\SmartConstruction.Service\Controllers\Base\BaseApiController.cs(20,55): warning CS8625: 无法将 null 字面量转换为非 null 的引用类型。 [D:\shangshizhi\src\SmartConstruction.Service\SmartConstruction.Service.csproj]
D:\shangshizhi\src\SmartConstruction.Service\Hubs\IoTDataHub.cs(35,36): warning CS8765: 参数“exception”类型的为 Null 性与重写成员不匹配(可能是由于为 Null 性特性)。 [D:\shangshizhi\src\SmartConstruction.Service\SmartConstruction.Service.csproj]
D:\shangshizhi\src\SmartConstruction.Service\Infrastructure\Repositories\IRepository.cs(116,68): warning CS8625: 无法将 null 字面量转换为非 null 的引用类型。 [D:\shangshizhi\src\SmartConstruction.Service\SmartConstruction.Service.csproj]
D:\shangshizhi\src\SmartConstruction.Service\Infrastructure\Repositories\Repository.cs(170,81): warning CS8625: 无法将 null 字面量转换为非 null 的引用类型。 [D:\shangshizhi\src\SmartConstruction.Service\SmartConstruction.Service.csproj]
D:\shangshizhi\src\SmartConstruction.Service\Services\Base\BaseService.cs(125,57): warning CS8625: 无法将 null 字面量转换为非 null 的引用类型。 [D:\shangshizhi\src\SmartConstruction.Service\SmartConstruction.Service.csproj]
D:\shangshizhi\src\SmartConstruction.Service\Services\Base\BaseService.cs(126,77): warning CS8625: 无法将 null 字面量转换为非 null 的引用类型。 [D:\shangshizhi\src\SmartConstruction.Service\SmartConstruction.Service.csproj]
D:\shangshizhi\src\SmartConstruction.Service\Services\Base\BaseService.cs(179,95): warning CS8625: 无法将 null 字面量转换为非 null 的引用类型。 [D:\shangshizhi\src\SmartConstruction.Service\SmartConstruction.Service.csproj]
D:\shangshizhi\src\SmartConstruction.Service\Controllers\Base\BaseApiController.cs(59,23): warning CS8618: 在退出构造函数时，不可为 null 的 属性 "Message" 必须包含非 null 值。请考虑添加 "required" 修饰符或将该 属性 声明为可为 null。 [D:\shangshizhi\src\SmartConstruction.Service\SmartConstruction.Service.csproj]
D:\shangshizhi\src\SmartConstruction.Service\Controllers\Base\BaseApiController.cs(64,23): warning CS8618: 在退出构造函数时，不可为 null 的 属性 "Data" 必须包含非 null 值。请考虑添加 "required" 修饰符或将该 属性 声明为可为 null。 [D:\shangshizhi\src\SmartConstruction.Service\SmartConstruction.Service.csproj]
D:\shangshizhi\src\SmartConstruction.Service\Controllers\SafetyIncidentController.cs(190,23): warning CS8618: 在退出构造函数时，不可为 null 的 属性 "HandledBy" 必须包含非 null 值。请考虑添加 "required" 修饰符或将该 属性 声明为可为 null。 [D:\shangshizhi\src\SmartConstruction.Service\SmartConstruction.Service.csproj]
D:\shangshizhi\src\SmartConstruction.Service\Controllers\SafetyIncidentController.cs(191,23): warning CS8618: 在退出构造函数时，不可为 null 的 属性 "HandlingResult" 必须包含非 null 值。请考虑添加 "required" 修饰符或将该 属性 声明为可为 null。 [D:\shangshizhi\src\SmartConstruction.Service\SmartConstruction.Service.csproj]
D:\shangshizhi\src\SmartConstruction.Service\Infrastructure\UnitOfWork\UnitOfWork.cs(29,16): warning CS8618: 在退出构造函数时，不可为 null 的 字段 "_companyRepository" 必须包含非 null 值。请考虑添加 "required" 修饰符或将该 字段 声明为可为 null。 [D:\shangshizhi\src\SmartConstruction.Service\SmartConstruction.Service.csproj]
D:\shangshizhi\src\SmartConstruction.Service\Infrastructure\UnitOfWork\UnitOfWork.cs(29,16): warning CS8618: 在退出构造函数时，不可为 null 的 字段 "_projectRepository" 必须包含非 null 值。请考虑添加 "required" 修饰符或将该 字段 声明为可为 null。 [D:\shangshizhi\src\SmartConstruction.Service\SmartConstruction.Service.csproj]
D:\shangshizhi\src\SmartConstruction.Service\Infrastructure\UnitOfWork\UnitOfWork.cs(29,16): warning CS8618: 在退出构造函数时，不可为 null 的 字段 "_teamRepository" 必须包含非 null 值。请考虑添加 "required" 修饰符或将该 字段 声明为可为 null。 [D:\shangshizhi\src\SmartConstruction.Service\SmartConstruction.Service.csproj]
D:\shangshizhi\src\SmartConstruction.Service\Infrastructure\UnitOfWork\UnitOfWork.cs(29,16): warning CS8618: 在退出构造函数时，不可为 null 的 字段 "_workerRepository" 必须包含非 null 值。请考虑添加 "required" 修饰符或将该 字段 声明为可为 null。 [D:\shangshizhi\src\SmartConstruction.Service\SmartConstruction.Service.csproj]
D:\shangshizhi\src\SmartConstruction.Service\Infrastructure\UnitOfWork\UnitOfWork.cs(29,16): warning CS8618: 在退出构造函数时，不可为 null 的 字段 "_workerAttendanceProfileRepository" 必须包含非 null 值。请考虑添加 "required" 修饰符或将该 字段 声明为可为 null。 [D:\shangshizhi\src\SmartConstruction.Service\SmartConstruction.Service.csproj]
D:\shangshizhi\src\SmartConstruction.Service\Infrastructure\UnitOfWork\UnitOfWork.cs(29,16): warning CS8618: 在退出构造函数时，不可为 null 的 字段 "_attendanceRecordRepository" 必须包含非 null 值。请考虑添加 "required" 修饰符或将该 字段 声明为可为 null。 [D:\shangshizhi\src\SmartConstruction.Service\SmartConstruction.Service.csproj]
D:\shangshizhi\src\SmartConstruction.Service\Infrastructure\UnitOfWork\UnitOfWork.cs(29,16): warning CS8618: 在退出构造函数时，不可为 null 的 字段 "_deviceRepository" 必须包含非 null 值。请考虑添加 "required" 修饰符或将该 字段 声明为可为 null。 [D:\shangshizhi\src\SmartConstruction.Service\SmartConstruction.Service.csproj]
D:\shangshizhi\src\SmartConstruction.Service\Infrastructure\UnitOfWork\UnitOfWork.cs(29,16): warning CS8618: 在退出构造函数时，不可为 null 的 字段 "_safetyIncidentRepository" 必须包含非 null 值。请考虑添加 "required" 修饰符或将该 字段 声明为可为 null。 [D:\shangshizhi\src\SmartConstruction.Service\SmartConstruction.Service.csproj]
D:\shangshizhi\src\SmartConstruction.Service\Infrastructure\UnitOfWork\UnitOfWork.cs(29,16): warning CS8618: 在退出构造函数时，不可为 null 的 字段 "_governmentDataRepository" 必须包含非 null 值。请考虑添加 "required" 修饰符或将该 字段 声明为可为 null。 [D:\shangshizhi\src\SmartConstruction.Service\SmartConstruction.Service.csproj]
D:\shangshizhi\src\SmartConstruction.Service\Infrastructure\UnitOfWork\UnitOfWork.cs(29,16): warning CS8618: 在退出构造函数时，不可为 null 的 字段 "_tenantRepository" 必须包含非 null 值。请考虑添加 "required" 修饰符或将该 字段 声明为可为 null。 [D:\shangshizhi\src\SmartConstruction.Service\SmartConstruction.Service.csproj]
D:\shangshizhi\src\SmartConstruction.Service\Services\Base\BaseService.cs(38,54): warning CS1998: 此异步方法缺少 "await" 运算符，将以同步方式运行。请考虑使用 "await" 运算符等待非阻止的 API 调用，或者使用 "await Task.Run(...)" 在后台线程上执行占用大量 CPU 的工作。 [D:\shangshizhi\src\SmartConstruction.Service\SmartConstruction.Service.csproj]
D:\shangshizhi\src\SmartConstruction.Service\Infrastructure\Repositories\Repository.cs(76,20): warning CS8603: 可能返回 null 引用。 [D:\shangshizhi\src\SmartConstruction.Service\SmartConstruction.Service.csproj]
D:\shangshizhi\src\SmartConstruction.Service\Services\Base\BaseService.cs(60,54): warning CS1998: 此异步方法缺少 "await" 运算符，将以同步方式运行。请考虑使用 "await" 运算符等待非阻止的 API 调用，或者使用 "await Task.Run(...)" 在后台线程上执行占用大量 CPU 的工作。 [D:\shangshizhi\src\SmartConstruction.Service\SmartConstruction.Service.csproj]
D:\shangshizhi\src\SmartConstruction.Service\Controllers\AttendanceController.cs(175,36): warning CS8625: 无法将 null 字面量转换为非 null 的引用类型。 [D:\shangshizhi\src\SmartConstruction.Service\SmartConstruction.Service.csproj]
D:\shangshizhi\src\SmartConstruction.Service\Controllers\CompanyController.cs(160,36): warning CS8625: 无法将 null 字面量转换为非 null 的引用类型。 [D:\shangshizhi\src\SmartConstruction.Service\SmartConstruction.Service.csproj]
D:\shangshizhi\src\SmartConstruction.Service\Controllers\DeviceController.cs(196,36): warning CS8625: 无法将 null 字面量转换为非 null 的引用类型。 [D:\shangshizhi\src\SmartConstruction.Service\SmartConstruction.Service.csproj]
D:\shangshizhi\src\SmartConstruction.Service\Controllers\ProjectController.cs(163,36): warning CS8625: 无法将 null 字面量转换为非 null 的引用类型。 [D:\shangshizhi\src\SmartConstruction.Service\SmartConstruction.Service.csproj]
D:\shangshizhi\src\SmartConstruction.Service\Program.cs(87,35): warning CS8604: “byte[] Encoding.GetBytes(string s)”中的形参“s”可能传入 null 引用实参。 [D:\shangshizhi\src\SmartConstruction.Service\SmartConstruction.Service.csproj]
D:\shangshizhi\src\SmartConstruction.Service\Services\DeviceService.cs(166,39): error CS1061: “long”未包含“HasValue”的定义，并且找不到可接受第一个“long”类型参数的可访问扩展方法“HasValue”(是否缺少 using 指令或程序集引用?) [D:\shangshizhi\src\SmartConstruction.Service\SmartConstruction.Service.csproj]
D:\shangshizhi\src\SmartConstruction.Service\Services\DeviceService.cs(168,102): error CS1061: “long”未包含“Value”的定义，并且找不到可接受第一个“long”类型参数的可访问扩展方法“Value”(是否缺少 using 指令或程序集引用?) [D:\shangshizhi\src\SmartConstruction.Service\SmartConstruction.Service.csproj]
D:\shangshizhi\src\SmartConstruction.Service\Infrastructure\UnitOfWork\UnitOfWork.cs(174,68): error CS1503: 参数 1: 无法从“System.Data.IsolationLevel”转换为“System.Threading.CancellationToken” [D:\shangshizhi\src\SmartConstruction.Service\SmartConstruction.Service.csproj]
D:\shangshizhi\src\SmartConstruction.Service\Services\ProjectService.cs(64,62): error CS1503: 参数 1: 无法从“System.Linq.Expressions.Expression”转换为“System.Linq.Expressions.Expression<System.Func<SmartConstruction.Contracts.Entities.Project, bool>>” [D:\shangshizhi\src\SmartConstruction.Service\SmartConstruction.Service.csproj]
D:\shangshizhi\src\SmartConstruction.Service\Infrastructure\UnitOfWork\UnitOfWork.cs(202,98): warning CS8603: 可能返回 null 引用。 [D:\shangshizhi\src\SmartConstruction.Service\SmartConstruction.Service.csproj]
D:\shangshizhi\src\SmartConstruction.Service\Infrastructure\UnitOfWork\UnitOfWork.cs(222,46): error CS1061: “DatabaseFacade”未包含“ExecuteSqlRawAsync”的定义，并且找不到可接受第一个“DatabaseFacade”类型参数的可访问扩展方法“ExecuteSqlRawAsync”(是否缺少 using 指令或程序集引用?) [D:\shangshizhi\src\SmartConstruction.Service\SmartConstruction.Service.csproj]
D:\shangshizhi\src\SmartConstruction.Service\Services\DeviceService.cs(214,39): error CS1061: “long”未包含“HasValue”的定义，并且找不到可接受第一个“long”类型参数的可访问扩展方法“HasValue”(是否缺少 using 指令或程序集引用?) [D:\shangshizhi\src\SmartConstruction.Service\SmartConstruction.Service.csproj]
D:\shangshizhi\src\SmartConstruction.Service\Services\DeviceService.cs(216,102): error CS1061: “long”未包含“Value”的定义，并且找不到可接受第一个“long”类型参数的可访问扩展方法“Value”(是否缺少 using 指令或程序集引用?) [D:\shangshizhi\src\SmartConstruction.Service\SmartConstruction.Service.csproj]
D:\shangshizhi\src\SmartConstruction.Service\Infrastructure\UnitOfWork\UnitOfWork.cs(232,36): warning CS1998: 此异步方法缺少 "await" 运算符，将以同步方式运行。请考虑使用 "await" 运算符等待非阻止的 API 调用，或者使用 "await Task.Run(...)" 在后台线程上执行占用大量 CPU 的工作。 [D:\shangshizhi\src\SmartConstruction.Service\SmartConstruction.Service.csproj]
D:\shangshizhi\src\SmartConstruction.Service\Services\Base\BaseService.cs(132,58): warning CS8604: “Task<int> IRepository<TEntity>.CountAsync(Expression<Func<TEntity, bool>> predicate = null)”中的形参“predicate”可能传入 null 引用实参。 [D:\shangshizhi\src\SmartConstruction.Service\SmartConstruction.Service.csproj]
D:\shangshizhi\src\SmartConstruction.Service\Infrastructure\Repositories\Repository.cs(234,20): warning CS8603: 可能返回 null 引用。 [D:\shangshizhi\src\SmartConstruction.Service\SmartConstruction.Service.csproj]
D:\shangshizhi\src\SmartConstruction.Service\Infrastructure\UnitOfWork\UnitOfWork.cs(260,33): error CS1061: “DatabaseFacade”未包含“SetCommandTimeout”的定义，并且找不到可接受第一个“DatabaseFacade”类型参数的可访问扩展方法“SetCommandTimeout”(是否缺少 using 指令或程序集引用?) [D:\shangshizhi\src\SmartConstruction.Service\SmartConstruction.Service.csproj]
D:\shangshizhi\src\SmartConstruction.Service\Infrastructure\Repositories\Repository.cs(244,20): warning CS8603: 可能返回 null 引用。 [D:\shangshizhi\src\SmartConstruction.Service\SmartConstruction.Service.csproj]
D:\shangshizhi\src\SmartConstruction.Service\Infrastructure\Repositories\Repository.cs(263,30): warning CS1998: 此异步方法缺少 "await" 运算符，将以同步方式运行。请考虑使用 "await" 运算符等待非阻止的 API 调用，或者使用 "await Task.Run(...)" 在后台线程上执行占用大量 CPU 的工作。 [D:\shangshizhi\src\SmartConstruction.Service\SmartConstruction.Service.csproj]
D:\shangshizhi\src\SmartConstruction.Service\Infrastructure\Repositories\Repository.cs(276,20): warning CS8603: 可能返回 null 引用。 [D:\shangshizhi\src\SmartConstruction.Service\SmartConstruction.Service.csproj]
D:\shangshizhi\src\SmartConstruction.Service\Infrastructure\Repositories\Repository.cs(316,33): warning CS1998: 此异步方法缺少 "await" 运算符，将以同步方式运行。请考虑使用 "await" 运算符等待非阻止的 API 调用，或者使用 "await Task.Run(...)" 在后台线程上执行占用大量 CPU 的工作。 [D:\shangshizhi\src\SmartConstruction.Service\SmartConstruction.Service.csproj]
D:\shangshizhi\src\SmartConstruction.Service\Services\ProjectService.cs(264,68): error CS1503: 参数 1: 无法从“System.Linq.Expressions.Expression”转换为“System.Linq.Expressions.Expression<System.Func<SmartConstruction.Contracts.Entities.Project, bool>>” [D:\shangshizhi\src\SmartConstruction.Service\SmartConstruction.Service.csproj]
D:\shangshizhi\src\SmartConstruction.Service\Services\SafetyIncidentService.cs(62,88): error CS1503: 参数 1: 无法从“System.Linq.IQueryable<SmartConstruction.Contracts.Entities.Team>”转换为“System.Linq.Expressions.Expression<System.Func<SmartConstruction.Contracts.Entities.SafetyIncident, bool>>” [D:\shangshizhi\src\SmartConstruction.Service\SmartConstruction.Service.csproj]
D:\shangshizhi\src\SmartConstruction.Service\Services\SafetyIncidentService.cs(64,52): error CS1061: “Team”未包含“DetectedTime”的定义，并且找不到可接受第一个“Team”类型参数的可访问扩展方法“DetectedTime”(是否缺少 using 指令或程序集引用?) [D:\shangshizhi\src\SmartConstruction.Service\SmartConstruction.Service.csproj]
D:\shangshizhi\src\SmartConstruction.Service\Services\ProjectService.cs(289,62): error CS1503: 参数 1: 无法从“System.Linq.Expressions.Expression”转换为“System.Linq.Expressions.Expression<System.Func<SmartConstruction.Contracts.Entities.Project, bool>>” [D:\shangshizhi\src\SmartConstruction.Service\SmartConstruction.Service.csproj]
D:\shangshizhi\src\SmartConstruction.Service\Services\DashboardService.cs(140,64): error CS1061: “AttendanceRecord”未包含“IsLate”的定义，并且找不到可接受第一个“AttendanceRecord”类型参数的可访问扩展方法“IsLate”(是否缺少 using 指令或程序集引用?) [D:\shangshizhi\src\SmartConstruction.Service\SmartConstruction.Service.csproj]
D:\shangshizhi\src\SmartConstruction.Service\Services\DashboardService.cs(141,70): error CS1061: “AttendanceRecord”未包含“IsEarlyLeave”的定义，并且找不到可接受第一个“AttendanceRecord”类型参数的可访问扩展方法“IsEarlyLeave”(是否缺少 using 指令或程序集引用?) [D:\shangshizhi\src\SmartConstruction.Service\SmartConstruction.Service.csproj]
D:\shangshizhi\src\SmartConstruction.Service\Services\DashboardService.cs(164,53): error CS1061: “ISafetyIncidentService”未包含“GetProjectSafetyStatisticsAsync”的定义，并且找不到可接受第一个“ISafetyIncidentService”类型参数的可访问扩展方法“GetProjectSafetyStatisticsAsync”(是否缺少 using 指令或程序集引用?) [D:\shangshizhi\src\SmartConstruction.Service\SmartConstruction.Service.csproj]
D:\shangshizhi\src\SmartConstruction.Service\Services\DashboardService.cs(254,40): error CS0029: 无法将类型“SmartConstruction.Contracts.Dtos.Dashboard.DeviceStatusStatisticsDto”隐式转换为“SmartConstruction.Contracts.Dtos.Dashboard.DeviceStatisticsDto” [D:\shangshizhi\src\SmartConstruction.Service\SmartConstruction.Service.csproj]
D:\shangshizhi\src\SmartConstruction.Service\Services\DashboardService.cs(297,106): error CS1503: 参数 1: 无法从“long?”转换为“long” [D:\shangshizhi\src\SmartConstruction.Service\SmartConstruction.Service.csproj]
D:\shangshizhi\src\SmartConstruction.Service\Services\DashboardService.cs(305,23): error CS1061: “SafetyIncident”未包含“IncidentDate”的定义，并且找不到可接受第一个“SafetyIncident”类型参数的可访问扩展方法“IncidentDate”(是否缺少 using 指令或程序集引用?) [D:\shangshizhi\src\SmartConstruction.Service\SmartConstruction.Service.csproj]
D:\shangshizhi\src\SmartConstruction.Service\Services\DashboardService.cs(306,23): error CS1061: “SafetyIncident”未包含“IncidentDate”的定义，并且找不到可接受第一个“SafetyIncident”类型参数的可访问扩展方法“IncidentDate”(是否缺少 using 指令或程序集引用?) [D:\shangshizhi\src\SmartConstruction.Service\SmartConstruction.Service.csproj]
D:\shangshizhi\src\SmartConstruction.Service\Services\DashboardService.cs(327,43): error CS1061: “Company”未包含“Name”的定义，并且找不到可接受第一个“Company”类型参数的可访问扩展方法“Name”(是否缺少 using 指令或程序集引用?) [D:\shangshizhi\src\SmartConstruction.Service\SmartConstruction.Service.csproj]
D:\shangshizhi\src\SmartConstruction.Web\App.razor(8,25): warning RZ10012: Found markup element with unexpected name 'RedirectToLogin'. If this is intended to be a component, add a @using directive for its namespace. [D:\shangshizhi\src\SmartConstruction.Web\SmartConstruction.Web.csproj]
D:\shangshizhi\src\SmartConstruction.Web\App.razor(26,45): warning RZ10012: Found markup element with unexpected name 'MBtn'. If this is intended to be a component, add a @using directive for its namespace. [D:\shangshizhi\src\SmartConstruction.Web\SmartConstruction.Web.csproj]
D:\shangshizhi\src\SmartConstruction.Web\App.razor(63,41): warning RZ10012: Found markup element with unexpected name 'MBtn'. If this is intended to be a component, add a @using directive for its namespace. [D:\shangshizhi\src\SmartConstruction.Web\SmartConstruction.Web.csproj]
D:\shangshizhi\src\SmartConstruction.Web\Pages\GovernmentPush.razor(17,17): warning RZ10012: Found markup element with unexpected name 'MBtn'. If this is intended to be a component, add a @using directive for its namespace. [D:\shangshizhi\src\SmartConstruction.Web\SmartConstruction.Web.csproj]
D:\shangshizhi\src\SmartConstruction.Web\Pages\GovernmentPush.razor(21,17): warning RZ10012: Found markup element with unexpected name 'MBtn'. If this is intended to be a component, add a @using directive for its namespace. [D:\shangshizhi\src\SmartConstruction.Web\SmartConstruction.Web.csproj]
D:\shangshizhi\src\SmartConstruction.Web\Pages\GovernmentPush.razor(102,37): warning RZ10012: Found markup element with unexpected name 'MBtn'. If this is intended to be a component, add a @using directive for its namespace. [D:\shangshizhi\src\SmartConstruction.Web\SmartConstruction.Web.csproj]
D:\shangshizhi\src\SmartConstruction.Web\Pages\GovernmentPush.razor(142,21): warning RZ10012: Found markup element with unexpected name 'MBtn'. If this is intended to be a component, add a @using directive for its namespace. [D:\shangshizhi\src\SmartConstruction.Web\SmartConstruction.Web.csproj]
D:\shangshizhi\src\SmartConstruction.Web\Pages\GovernmentPush.razor(147,25): warning RZ10012: Found markup element with unexpected name 'MBtn'. If this is intended to be a component, add a @using directive for its namespace. [D:\shangshizhi\src\SmartConstruction.Web\SmartConstruction.Web.csproj]
D:\shangshizhi\src\SmartConstruction.Web\Pages\GovernmentPush.razor(210,13): warning RZ10012: Found markup element with unexpected name 'MBtn'. If this is intended to be a component, add a @using directive for its namespace. [D:\shangshizhi\src\SmartConstruction.Web\SmartConstruction.Web.csproj]
D:\shangshizhi\src\SmartConstruction.Web\Pages\GovernmentPush.razor(211,13): warning RZ10012: Found markup element with unexpected name 'MBtn'. If this is intended to be a component, add a @using directive for its namespace. [D:\shangshizhi\src\SmartConstruction.Web\SmartConstruction.Web.csproj]
D:\shangshizhi\src\SmartConstruction.Web\Pages\GovernmentPush.razor(276,13): warning RZ10012: Found markup element with unexpected name 'MBtn'. If this is intended to be a component, add a @using directive for its namespace. [D:\shangshizhi\src\SmartConstruction.Web\SmartConstruction.Web.csproj]
D:\shangshizhi\src\SmartConstruction.Web\Pages\iot\Realtime.razor(22,17): warning RZ10012: Found markup element with unexpected name 'MBtn'. If this is intended to be a component, add a @using directive for its namespace. [D:\shangshizhi\src\SmartConstruction.Web\SmartConstruction.Web.csproj]
D:\shangshizhi\src\SmartConstruction.Web\Pages\iot\Realtime.razor(291,21): warning RZ10012: Found markup element with unexpected name 'MBtn'. If this is intended to be a component, add a @using directive for its namespace. [D:\shangshizhi\src\SmartConstruction.Web\SmartConstruction.Web.csproj]
D:\shangshizhi\src\SmartConstruction.Web\Pages\iot\Realtime.razor(319,37): warning RZ10012: Found markup element with unexpected name 'MBtn'. If this is intended to be a component, add a @using directive for its namespace. [D:\shangshizhi\src\SmartConstruction.Web\SmartConstruction.Web.csproj]
D:\shangshizhi\src\SmartConstruction.Web\Pages\iot\Realtime.razor(393,41): warning RZ2012: Component 'MSelect' expects a value for the parameter 'ItemText', but a value may not have been provided. [D:\shangshizhi\src\SmartConstruction.Web\SmartConstruction.Web.csproj]
D:\shangshizhi\src\SmartConstruction.Web\Pages\iot\Realtime.razor(393,41): warning RZ2012: Component 'MSelect' expects a value for the parameter 'ItemValue', but a value may not have been provided. [D:\shangshizhi\src\SmartConstruction.Web\SmartConstruction.Web.csproj]
D:\shangshizhi\src\SmartConstruction.Web\Pages\iot\Realtime.razor(399,41): warning RZ2012: Component 'MSelect' expects a value for the parameter 'ItemText', but a value may not have been provided. [D:\shangshizhi\src\SmartConstruction.Web\SmartConstruction.Web.csproj]
D:\shangshizhi\src\SmartConstruction.Web\Pages\iot\Realtime.razor(399,41): warning RZ2012: Component 'MSelect' expects a value for the parameter 'ItemValue', but a value may not have been provided. [D:\shangshizhi\src\SmartConstruction.Web\SmartConstruction.Web.csproj]
D:\shangshizhi\src\SmartConstruction.Web\Pages\iot\Realtime.razor(405,41): warning RZ2012: Component 'MSelect' expects a value for the parameter 'ItemText', but a value may not have been provided. [D:\shangshizhi\src\SmartConstruction.Web\SmartConstruction.Web.csproj]
D:\shangshizhi\src\SmartConstruction.Web\Pages\iot\Realtime.razor(405,41): warning RZ2012: Component 'MSelect' expects a value for the parameter 'ItemValue', but a value may not have been provided. [D:\shangshizhi\src\SmartConstruction.Web\SmartConstruction.Web.csproj]
D:\shangshizhi\src\SmartConstruction.Web\Pages\iot\Realtime.razor(415,25): warning RZ10012: Found markup element with unexpected name 'MBtn'. If this is intended to be a component, add a @using directive for its namespace. [D:\shangshizhi\src\SmartConstruction.Web\SmartConstruction.Web.csproj]
D:\shangshizhi\src\SmartConstruction.Web\Pages\iot\Realtime.razor(425,13): warning RZ10012: Found markup element with unexpected name 'MBtn'. If this is intended to be a component, add a @using directive for its namespace. [D:\shangshizhi\src\SmartConstruction.Web\SmartConstruction.Web.csproj]
D:\shangshizhi\src\SmartConstruction.Web\Pages\iot\Realtime.razor(426,13): warning RZ10012: Found markup element with unexpected name 'MBtn'. If this is intended to be a component, add a @using directive for its namespace. [D:\shangshizhi\src\SmartConstruction.Web\SmartConstruction.Web.csproj]
D:\shangshizhi\src\SmartConstruction.Web\Pages\LowCodeDesigner.razor(17,17): warning RZ10012: Found markup element with unexpected name 'MBtn'. If this is intended to be a component, add a @using directive for its namespace. [D:\shangshizhi\src\SmartConstruction.Web\SmartConstruction.Web.csproj]
D:\shangshizhi\src\SmartConstruction.Web\Pages\LowCodeDesigner.razor(21,17): warning RZ10012: Found markup element with unexpected name 'MBtn'. If this is intended to be a component, add a @using directive for its namespace. [D:\shangshizhi\src\SmartConstruction.Web\SmartConstruction.Web.csproj]
D:\shangshizhi\src\SmartConstruction.Web\Pages\LowCodeDesigner.razor(25,17): warning RZ10012: Found markup element with unexpected name 'MBtn'. If this is intended to be a component, add a @using directive for its namespace. [D:\shangshizhi\src\SmartConstruction.Web\SmartConstruction.Web.csproj]
D:\shangshizhi\src\SmartConstruction.Web\Pages\LowCodeDesigner.razor(141,41): warning RZ10012: Found markup element with unexpected name 'MBtn'. If this is intended to be a component, add a @using directive for its namespace. [D:\shangshizhi\src\SmartConstruction.Web\SmartConstruction.Web.csproj]
D:\shangshizhi\src\SmartConstruction.Web\Pages\LowCodeDesigner.razor(188,33): warning RZ2012: Component 'MSelect' expects a value for the parameter 'ItemText', but a value may not have been provided. [D:\shangshizhi\src\SmartConstruction.Web\SmartConstruction.Web.csproj]
D:\shangshizhi\src\SmartConstruction.Web\Pages\LowCodeDesigner.razor(188,33): warning RZ2012: Component 'MSelect' expects a value for the parameter 'ItemValue', but a value may not have been provided. [D:\shangshizhi\src\SmartConstruction.Web\SmartConstruction.Web.csproj]
D:\shangshizhi\src\SmartConstruction.Web\Pages\LowCodeDesigner.razor(225,45): warning RZ10012: Found markup element with unexpected name 'MBtn'. If this is intended to be a component, add a @using directive for its namespace. [D:\shangshizhi\src\SmartConstruction.Web\SmartConstruction.Web.csproj]
D:\shangshizhi\src\SmartConstruction.Web\Pages\LowCodeDesigner.razor(230,37): warning RZ10012: Found markup element with unexpected name 'MBtn'. If this is intended to be a component, add a @using directive for its namespace. [D:\shangshizhi\src\SmartConstruction.Web\SmartConstruction.Web.csproj]
D:\shangshizhi\src\SmartConstruction.Web\Pages\LowCodeDesigner.razor(317,25): warning RZ10012: Found markup element with unexpected name 'MBtn'. If this is intended to be a component, add a @using directive for its namespace. [D:\shangshizhi\src\SmartConstruction.Web\SmartConstruction.Web.csproj]
D:\shangshizhi\src\SmartConstruction.Web\Pages\LowCodeDesigner.razor(320,25): warning RZ10012: Found markup element with unexpected name 'MBtn'. If this is intended to be a component, add a @using directive for its namespace. [D:\shangshizhi\src\SmartConstruction.Web\SmartConstruction.Web.csproj]
D:\shangshizhi\src\SmartConstruction.Web\Pages\LowCodeDesigner.razor(333,13): warning RZ10012: Found markup element with unexpected name 'MBtn'. If this is intended to be a component, add a @using directive for its namespace. [D:\shangshizhi\src\SmartConstruction.Web\SmartConstruction.Web.csproj]
D:\shangshizhi\src\SmartConstruction.Web\Pages\LowCodeDesigner.razor(357,13): warning RZ10012: Found markup element with unexpected name 'MBtn'. If this is intended to be a component, add a @using directive for its namespace. [D:\shangshizhi\src\SmartConstruction.Web\SmartConstruction.Web.csproj]
D:\shangshizhi\src\SmartConstruction.Web\Pages\ProjectList.razor(16,13): warning RZ10012: Found markup element with unexpected name 'MBtn'. If this is intended to be a component, add a @using directive for its namespace. [D:\shangshizhi\src\SmartConstruction.Web\SmartConstruction.Web.csproj]
D:\shangshizhi\src\SmartConstruction.Web\Pages\ProjectList.razor(30,17): warning RZ10012: Found markup element with unexpected name 'MImg'. If this is intended to be a component, add a @using directive for its namespace. [D:\shangshizhi\src\SmartConstruction.Web\SmartConstruction.Web.csproj]
D:\shangshizhi\src\SmartConstruction.Web\Pages\ProjectList.razor(57,21): warning RZ10012: Found markup element with unexpected name 'MBtn'. If this is intended to be a component, add a @using directive for its namespace. [D:\shangshizhi\src\SmartConstruction.Web\SmartConstruction.Web.csproj]
D:\shangshizhi\src\SmartConstruction.Web\Pages\ProjectList.razor(61,21): warning RZ10012: Found markup element with unexpected name 'MBtn'. If this is intended to be a component, add a @using directive for its namespace. [D:\shangshizhi\src\SmartConstruction.Web\SmartConstruction.Web.csproj]
D:\shangshizhi\src\SmartConstruction.Web\Pages\ProjectList.razor(64,21): warning RZ10012: Found markup element with unexpected name 'MBtn'. If this is intended to be a component, add a @using directive for its namespace. [D:\shangshizhi\src\SmartConstruction.Web\SmartConstruction.Web.csproj]
D:\shangshizhi\src\SmartConstruction.Web\Pages\ProjectList.razor(199,13): warning RZ10012: Found markup element with unexpected name 'MBtn'. If this is intended to be a component, add a @using directive for its namespace. [D:\shangshizhi\src\SmartConstruction.Web\SmartConstruction.Web.csproj]
D:\shangshizhi\src\SmartConstruction.Web\Pages\ProjectList.razor(200,13): warning RZ10012: Found markup element with unexpected name 'MBtn'. If this is intended to be a component, add a @using directive for its namespace. [D:\shangshizhi\src\SmartConstruction.Web\SmartConstruction.Web.csproj]
D:\shangshizhi\src\SmartConstruction.Web\Pages\ProjectList.razor(214,13): warning RZ10012: Found markup element with unexpected name 'MBtn'. If this is intended to be a component, add a @using directive for its namespace. [D:\shangshizhi\src\SmartConstruction.Web\SmartConstruction.Web.csproj]
D:\shangshizhi\src\SmartConstruction.Web\Pages\ProjectList.razor(215,13): warning RZ10012: Found markup element with unexpected name 'MBtn'. If this is intended to be a component, add a @using directive for its namespace. [D:\shangshizhi\src\SmartConstruction.Web\SmartConstruction.Web.csproj]
D:\shangshizhi\src\SmartConstruction.Web\Pages\SafetyInspection.razor(48,33): warning RZ10012: Found markup element with unexpected name 'MBtn'. If this is intended to be a component, add a @using directive for its namespace. [D:\shangshizhi\src\SmartConstruction.Web\SmartConstruction.Web.csproj]
D:\shangshizhi\src\SmartConstruction.Web\Pages\SafetyInspection.razor(51,33): warning RZ10012: Found markup element with unexpected name 'MBtn'. If this is intended to be a component, add a @using directive for its namespace. [D:\shangshizhi\src\SmartConstruction.Web\SmartConstruction.Web.csproj]
D:\shangshizhi\src\SmartConstruction.Web\Pages\SafetyInspection.razor(56,37): warning RZ10012: Found markup element with unexpected name 'MBtn'. If this is intended to be a component, add a @using directive for its namespace. [D:\shangshizhi\src\SmartConstruction.Web\SmartConstruction.Web.csproj]
D:\shangshizhi\src\SmartConstruction.Web\Pages\SafetyInspection.razor(77,13): warning RZ10012: Found markup element with unexpected name 'MBtn'. If this is intended to be a component, add a @using directive for its namespace. [D:\shangshizhi\src\SmartConstruction.Web\SmartConstruction.Web.csproj]
D:\shangshizhi\src\SmartConstruction.Web\Pages\SafetyInspection.razor(82,13): warning RZ10012: Found markup element with unexpected name 'MBtn'. If this is intended to be a component, add a @using directive for its namespace. [D:\shangshizhi\src\SmartConstruction.Web\SmartConstruction.Web.csproj]
D:\shangshizhi\src\SmartConstruction.Web\Pages\SafetyInspection.razor(152,13): warning RZ10012: Found markup element with unexpected name 'MBtn'. If this is intended to be a component, add a @using directive for its namespace. [D:\shangshizhi\src\SmartConstruction.Web\SmartConstruction.Web.csproj]
D:\shangshizhi\src\SmartConstruction.Web\Pages\SafetyInspection.razor(209,13): warning RZ10012: Found markup element with unexpected name 'MBtn'. If this is intended to be a component, add a @using directive for its namespace. [D:\shangshizhi\src\SmartConstruction.Web\SmartConstruction.Web.csproj]
D:\shangshizhi\src\SmartConstruction.Web\Pages\SafetyInspection.razor(210,13): warning RZ10012: Found markup element with unexpected name 'MBtn'. If this is intended to be a component, add a @using directive for its namespace. [D:\shangshizhi\src\SmartConstruction.Web\SmartConstruction.Web.csproj]
D:\shangshizhi\src\SmartConstruction.Web\Layout\MainLayout.razor(189,9): warning RZ10012: Found markup element with unexpected name 'MBtn'. If this is intended to be a component, add a @using directive for its namespace. [D:\shangshizhi\src\SmartConstruction.Web\SmartConstruction.Web.csproj]
D:\shangshizhi\src\SmartConstruction.Web\Layout\MainLayout.razor(194,17): warning RZ10012: Found markup element with unexpected name 'MBtn'. If this is intended to be a component, add a @using directive for its namespace. [D:\shangshizhi\src\SmartConstruction.Web\SmartConstruction.Web.csproj]
D:\shangshizhi\src\SmartConstruction.Web\Hubs\ConstructionHub.cs(23,32): warning CS8765: 参数“exception”类型的为 Null 性与重写成员不匹配(可能是由于为 Null 性特性)。 [D:\shangshizhi\src\SmartConstruction.Web\SmartConstruction.Web.csproj]
D:\shangshizhi\src\SmartConstruction.Web\Services\ApiServices\DataService.cs(87,33): warning CS8625: 无法将 null 字面量转换为非 null 的引用类型。 [D:\shangshizhi\src\SmartConstruction.Web\SmartConstruction.Web.csproj]
D:\shangshizhi\src\SmartConstruction.Web\Services\ApiServices\DataService.cs(87,56): warning CS8625: 无法将 null 字面量转换为非 null 的引用类型。 [D:\shangshizhi\src\SmartConstruction.Web\SmartConstruction.Web.csproj]
D:\shangshizhi\src\SmartConstruction.Web\Models\ViewModels\ProjectViewModel.cs(8,16): warning CS0108: “ProjectViewModel.Id”隐藏继承的成员“BaseViewModel.Id”。如果是有意隐藏，请使用关键字 new。 [D:\shangshizhi\src\SmartConstruction.Web\SmartConstruction.Web.csproj]
D:\shangshizhi\src\SmartConstruction.Web\Services\ApiServices\IDataService.cs(15,109): warning CS8625: 无法将 null 字面量转换为非 null 的引用类型。 [D:\shangshizhi\src\SmartConstruction.Web\SmartConstruction.Web.csproj]
D:\shangshizhi\src\SmartConstruction.Web\Services\ApiServices\IDataService.cs(15,132): warning CS8625: 无法将 null 字面量转换为非 null 的引用类型。 [D:\shangshizhi\src\SmartConstruction.Web\SmartConstruction.Web.csproj]
D:\shangshizhi\src\SmartConstruction.Web\Services\ApiServices\IDataService.cs(88,86): warning CS8625: 无法将 null 字面量转换为非 null 的引用类型。 [D:\shangshizhi\src\SmartConstruction.Web\SmartConstruction.Web.csproj]
D:\shangshizhi\src\SmartConstruction.Web\Services\ApiServices\IDataService.cs(131,83): warning CS8625: 无法将 null 字面量转换为非 null 的引用类型。 [D:\shangshizhi\src\SmartConstruction.Web\SmartConstruction.Web.csproj]
D:\shangshizhi\src\SmartConstruction.Web\Services\ApiServices\DataService.cs(370,103): warning CS8625: 无法将 null 字面量转换为非 null 的引用类型。 [D:\shangshizhi\src\SmartConstruction.Web\SmartConstruction.Web.csproj]
D:\shangshizhi\src\SmartConstruction.Web\Services\ApiServices\DataService.cs(558,100): warning CS8625: 无法将 null 字面量转换为非 null 的引用类型。 [D:\shangshizhi\src\SmartConstruction.Web\SmartConstruction.Web.csproj]
D:\shangshizhi\src\SmartConstruction.Web\Services\ApiServices\IDataService.cs(107,98): warning CS8625: 无法将 null 字面量转换为非 null 的引用类型。 [D:\shangshizhi\src\SmartConstruction.Web\SmartConstruction.Web.csproj]
D:\shangshizhi\src\SmartConstruction.Web\Services\ApiServices\DataService.cs(461,115): warning CS8625: 无法将 null 字面量转换为非 null 的引用类型。 [D:\shangshizhi\src\SmartConstruction.Web\SmartConstruction.Web.csproj]
D:\shangshizhi\src\SmartConstruction.Web\Services\ApiServices\IDataService.cs(146,70): warning CS8625: 无法将 null 字面量转换为非 null 的引用类型。 [D:\shangshizhi\src\SmartConstruction.Web\SmartConstruction.Web.csproj]
D:\shangshizhi\src\SmartConstruction.Web\Services\ApiServices\IDataService.cs(152,78): warning CS8625: 无法将 null 字面量转换为非 null 的引用类型。 [D:\shangshizhi\src\SmartConstruction.Web\SmartConstruction.Web.csproj]
D:\shangshizhi\src\SmartConstruction.Web\Services\ApiServices\DataService.cs(626,87): warning CS8625: 无法将 null 字面量转换为非 null 的引用类型。 [D:\shangshizhi\src\SmartConstruction.Web\SmartConstruction.Web.csproj]
D:\shangshizhi\src\SmartConstruction.Web\Services\ApiServices\DataService.cs(661,95): warning CS8625: 无法将 null 字面量转换为非 null 的引用类型。 [D:\shangshizhi\src\SmartConstruction.Web\SmartConstruction.Web.csproj]
D:\shangshizhi\src\SmartConstruction.Web\Services\SignalRService.cs(66,12): warning CS8618: 在退出构造函数时，不可为 null 的 字段 "_hubConnection" 必须包含非 null 值。请考虑添加 "required" 修饰符或将该 字段 声明为可为 null。 [D:\shangshizhi\src\SmartConstruction.Web\SmartConstruction.Web.csproj]
D:\shangshizhi\src\SmartConstruction.Web\Services\SignalRService.cs(66,12): warning CS8618: 在退出构造函数时，不可为 null 的 事件 "OnAttendanceStatisticsUpdated" 必须包含非 null 值。请考虑添加 "required" 修饰符或将该 事件 声明为可为 null。 [D:\shangshizhi\src\SmartConstruction.Web\SmartConstruction.Web.csproj]
D:\shangshizhi\src\SmartConstruction.Web\Services\SignalRService.cs(66,12): warning CS8618: 在退出构造函数时，不可为 null 的 事件 "OnDeviceDataReceived" 必须包含非 null 值。请考虑添加 "required" 修饰符或将该 事件 声明为可为 null。 [D:\shangshizhi\src\SmartConstruction.Web\SmartConstruction.Web.csproj]
D:\shangshizhi\src\SmartConstruction.Web\Services\SignalRService.cs(66,12): warning CS8618: 在退出构造函数时，不可为 null 的 事件 "OnDeviceAlertReceived" 必须包含非 null 值。请考虑添加 "required" 修饰符或将该 事件 声明为可为 null。 [D:\shangshizhi\src\SmartConstruction.Web\SmartConstruction.Web.csproj]
D:\shangshizhi\src\SmartConstruction.Web\Services\SignalRService.cs(66,12): warning CS8618: 在退出构造函数时，不可为 null 的 事件 "OnIoTAlertReceived" 必须包含非 null 值。请考虑添加 "required" 修饰符或将该 事件 声明为可为 null。 [D:\shangshizhi\src\SmartConstruction.Web\SmartConstruction.Web.csproj]
D:\shangshizhi\src\SmartConstruction.Web\Services\SignalRService.cs(66,12): warning CS8618: 在退出构造函数时，不可为 null 的 事件 "OnSafetyAlertReceived" 必须包含非 null 值。请考虑添加 "required" 修饰符或将该 事件 声明为可为 null。 [D:\shangshizhi\src\SmartConstruction.Web\SmartConstruction.Web.csproj]
D:\shangshizhi\src\SmartConstruction.Web\Services\SignalRService.cs(66,12): warning CS8618: 在退出构造函数时，不可为 null 的 事件 "OnNotificationReceived" 必须包含非 null 值。请考虑添加 "required" 修饰符或将该 事件 声明为可为 null。 [D:\shangshizhi\src\SmartConstruction.Web\SmartConstruction.Web.csproj]
D:\shangshizhi\src\SmartConstruction.Web\Services\SignalRService.cs(66,12): warning CS8618: 在退出构造函数时，不可为 null 的 事件 "OnConnectionStatusChanged" 必须包含非 null 值。请考虑添加 "required" 修饰符或将该 事件 声明为可为 null。 [D:\shangshizhi\src\SmartConstruction.Web\SmartConstruction.Web.csproj]
D:\shangshizhi\src\SmartConstruction.Web\Services\SignalRService.cs(76,26): warning CS8602: 解引用可能出现空引用。 [D:\shangshizhi\src\SmartConstruction.Web\SmartConstruction.Web.csproj]
D:\shangshizhi\src\SmartConstruction.Web\Pages\Shared\_Layout.cshtml(12,47): error CS0103: 当前上下文中不存在名称“mdi” [D:\shangshizhi\src\SmartConstruction.Web\SmartConstruction.Web.csproj]
D:\shangshizhi\src\SmartConstruction.Web\Services\SignalRService.cs(200,30): warning CS8625: 无法将 null 字面量转换为非 null 的引用类型。 [D:\shangshizhi\src\SmartConstruction.Web\SmartConstruction.Web.csproj]
D:\shangshizhi\src\SmartConstruction.Web\Pages\GovernmentPush.razor(313,75): error CS0029: 无法将类型“string”隐式转换为“BlazorComponent.DataTableHeaderAlign” [D:\shangshizhi\src\SmartConstruction.Web\SmartConstruction.Web.csproj]
D:\shangshizhi\src\SmartConstruction.Web\Pages\_Layout.cshtml(15,47): error CS0103: 当前上下文中不存在名称“mdi” [D:\shangshizhi\src\SmartConstruction.Web\SmartConstruction.Web.csproj]
D:\shangshizhi\src\SmartConstruction.Web\Models\DeviceAlertViewModel.cs(8,19): warning CS8618: 在退出构造函数时，不可为 null 的 属性 "DeviceId" 必须包含非 null 值。请考虑添加 "required" 修饰符或将该 属性 声明为可为 null。 [D:\shangshizhi\src\SmartConstruction.Web\SmartConstruction.Web.csproj]
D:\shangshizhi\src\SmartConstruction.Web\Models\DeviceAlertViewModel.cs(9,19): warning CS8618: 在退出构造函数时，不可为 null 的 属性 "DeviceName" 必须包含非 null 值。请考虑添加 "required" 修饰符或将该 属性 声明为可为 null。 [D:\shangshizhi\src\SmartConstruction.Web\SmartConstruction.Web.csproj]
D:\shangshizhi\src\SmartConstruction.Web\Models\DeviceAlertViewModel.cs(10,19): warning CS8618: 在退出构造函数时，不可为 null 的 属性 "AlertType" 必须包含非 null 值。请考虑添加 "required" 修饰符或将该 属性 声明为可为 null。 [D:\shangshizhi\src\SmartConstruction.Web\SmartConstruction.Web.csproj]
D:\shangshizhi\src\SmartConstruction.Web\Models\DeviceAlertViewModel.cs(11,19): warning CS8618: 在退出构造函数时，不可为 null 的 属性 "Level" 必须包含非 null 值。请考虑添加 "required" 修饰符或将该 属性 声明为可为 null。 [D:\shangshizhi\src\SmartConstruction.Web\SmartConstruction.Web.csproj]
D:\shangshizhi\src\SmartConstruction.Web\Models\DeviceAlertViewModel.cs(12,19): warning CS8618: 在退出构造函数时，不可为 null 的 属性 "Message" 必须包含非 null 值。请考虑添加 "required" 修饰符或将该 属性 声明为可为 null。 [D:\shangshizhi\src\SmartConstruction.Web\SmartConstruction.Web.csproj]
D:\shangshizhi\src\SmartConstruction.Web\App.razor(84,13): warning CS8602: 解引用可能出现空引用。 [D:\shangshizhi\src\SmartConstruction.Web\SmartConstruction.Web.csproj]
D:\shangshizhi\src\SmartConstruction.Web\App.razor(77,39): warning CS8618: 在退出构造函数时，不可为 null 的 属性 "authenticationStateTask" 必须包含非 null 值。请考虑添加 "required" 修饰符或将该 属性 声明为可为 null。 [D:\shangshizhi\src\SmartConstruction.Web\SmartConstruction.Web.csproj]
D:\shangshizhi\src\SmartConstruction.Web\Models\SafetyAlertViewModel.cs(10,19): warning CS8618: 在退出构造函数时，不可为 null 的 属性 "Type" 必须包含非 null 值。请考虑添加 "required" 修饰符或将该 属性 声明为可为 null。 [D:\shangshizhi\src\SmartConstruction.Web\SmartConstruction.Web.csproj]
D:\shangshizhi\src\SmartConstruction.Web\Models\SafetyAlertViewModel.cs(11,19): warning CS8618: 在退出构造函数时，不可为 null 的 属性 "Level" 必须包含非 null 值。请考虑添加 "required" 修饰符或将该 属性 声明为可为 null。 [D:\shangshizhi\src\SmartConstruction.Web\SmartConstruction.Web.csproj]
D:\shangshizhi\src\SmartConstruction.Web\Models\SafetyAlertViewModel.cs(12,19): warning CS8618: 在退出构造函数时，不可为 null 的 属性 "Location" 必须包含非 null 值。请考虑添加 "required" 修饰符或将该 属性 声明为可为 null。 [D:\shangshizhi\src\SmartConstruction.Web\SmartConstruction.Web.csproj]
D:\shangshizhi\src\SmartConstruction.Web\Models\SafetyAlertViewModel.cs(13,19): warning CS8618: 在退出构造函数时，不可为 null 的 属性 "Description" 必须包含非 null 值。请考虑添加 "required" 修饰符或将该 属性 声明为可为 null。 [D:\shangshizhi\src\SmartConstruction.Web\SmartConstruction.Web.csproj]
D:\shangshizhi\src\SmartConstruction.Web\Models\SafetyAlertViewModel.cs(14,19): warning CS8618: 在退出构造函数时，不可为 null 的 属性 "ImageUrl" 必须包含非 null 值。请考虑添加 "required" 修饰符或将该 属性 声明为可为 null。 [D:\shangshizhi\src\SmartConstruction.Web\SmartConstruction.Web.csproj]
D:\shangshizhi\src\SmartConstruction.Web\Services\ApiServices\DataService.cs(28,24): warning CS8603: 可能返回 null 引用。 [D:\shangshizhi\src\SmartConstruction.Web\SmartConstruction.Web.csproj]
D:\shangshizhi\src\SmartConstruction.Web\Services\ApiServices\DataService.cs(48,24): warning CS8603: 可能返回 null 引用。 [D:\shangshizhi\src\SmartConstruction.Web\SmartConstruction.Web.csproj]
D:\shangshizhi\src\SmartConstruction.Web\Pages\ProjectList.razor(34,61): error CS1503: 参数 1: 无法从“string”转换为“int” [D:\shangshizhi\src\SmartConstruction.Web\SmartConstruction.Web.csproj]
D:\shangshizhi\src\SmartConstruction.Web\Pages\ProjectList.razor(35,44): error CS1503: 参数 1: 无法从“string”转换为“int” [D:\shangshizhi\src\SmartConstruction.Web\SmartConstruction.Web.csproj]
D:\shangshizhi\src\SmartConstruction.Web\Pages\ProjectList.razor(47,55): error CS1501: “ToString”方法没有采用 1 个参数的重载 [D:\shangshizhi\src\SmartConstruction.Web\SmartConstruction.Web.csproj]
D:\shangshizhi\src\SmartConstruction.Web\Pages\ProjectList.razor(116,43): error CS0103: 当前上下文中不存在名称“Name” [D:\shangshizhi\src\SmartConstruction.Web\SmartConstruction.Web.csproj]
D:\shangshizhi\src\SmartConstruction.Web\Pages\ProjectList.razor(117,44): error CS0103: 当前上下文中不存在名称“Id” [D:\shangshizhi\src\SmartConstruction.Web\SmartConstruction.Web.csproj]
D:\shangshizhi\src\SmartConstruction.Web\Pages\ProjectList.razor(127,43): error CS0103: 当前上下文中不存在名称“Name” [D:\shangshizhi\src\SmartConstruction.Web\SmartConstruction.Web.csproj]
D:\shangshizhi\src\SmartConstruction.Web\Pages\ProjectList.razor(128,44): error CS0103: 当前上下文中不存在名称“Id” [D:\shangshizhi\src\SmartConstruction.Web\SmartConstruction.Web.csproj]
D:\shangshizhi\src\SmartConstruction.Web\Pages\ProjectList.razor(157,43): error CS0103: 当前上下文中不存在名称“Text” [D:\shangshizhi\src\SmartConstruction.Web\SmartConstruction.Web.csproj]
D:\shangshizhi\src\SmartConstruction.Web\Pages\ProjectList.razor(158,44): error CS0103: 当前上下文中不存在名称“Value” [D:\shangshizhi\src\SmartConstruction.Web\SmartConstruction.Web.csproj]
D:\shangshizhi\src\SmartConstruction.Web\obj\Debug\net8.0\Microsoft.CodeAnalysis.Razor.Compiler\Microsoft.NET.Sdk.Razor.SourceGenerators.RazorSourceGenerator\Pages_ProjectList_razor.g.cs(810,177): error CS1662: 无法将 lambda 表达式 转换为预期委托类型，因为块中的某些返回类型不可隐式转换为委托返回类型 [D:\shangshizhi\src\SmartConstruction.Web\SmartConstruction.Web.csproj]
D:\shangshizhi\src\SmartConstruction.Web\Services\IFileService.cs(59,34): warning CS8602: 解引用可能出现空引用。 [D:\shangshizhi\src\SmartConstruction.Web\SmartConstruction.Web.csproj]
D:\shangshizhi\src\SmartConstruction.Web\Pages\ProjectList.razor(288,26): error CS0029: 无法将类型“int”隐式转换为“string” [D:\shangshizhi\src\SmartConstruction.Web\SmartConstruction.Web.csproj]
D:\shangshizhi\src\SmartConstruction.Web\Pages\ProjectList.razor(306,26): error CS0029: 无法将类型“int”隐式转换为“string” [D:\shangshizhi\src\SmartConstruction.Web\SmartConstruction.Web.csproj]
D:\shangshizhi\src\SmartConstruction.Web\Pages\ProjectList.razor(324,26): error CS0029: 无法将类型“int”隐式转换为“string” [D:\shangshizhi\src\SmartConstruction.Web\SmartConstruction.Web.csproj]
D:\shangshizhi\src\SmartConstruction.Web\Pages\ProjectList.razor(342,26): error CS0029: 无法将类型“int”隐式转换为“string” [D:\shangshizhi\src\SmartConstruction.Web\SmartConstruction.Web.csproj]
D:\shangshizhi\src\SmartConstruction.Web\Services\ApiServices\DataService.cs(63,24): warning CS8603: 可能返回 null 引用。 [D:\shangshizhi\src\SmartConstruction.Web\SmartConstruction.Web.csproj]
D:\shangshizhi\src\SmartConstruction.Web\Pages\SafetyInspection.razor(176,43): error CS0103: 当前上下文中不存在名称“Text” [D:\shangshizhi\src\SmartConstruction.Web\SmartConstruction.Web.csproj]
D:\shangshizhi\src\SmartConstruction.Web\Pages\SafetyInspection.razor(177,44): error CS0103: 当前上下文中不存在名称“Value” [D:\shangshizhi\src\SmartConstruction.Web\SmartConstruction.Web.csproj]
D:\shangshizhi\src\SmartConstruction.Web\obj\Debug\net8.0\Microsoft.CodeAnalysis.Razor.Compiler\Microsoft.NET.Sdk.Razor.SourceGenerators.RazorSourceGenerator\Pages_SafetyInspection_razor.g.cs(1242,177): error CS1662: 无法将 lambda 表达式 转换为预期委托类型，因为块中的某些返回类型不可隐式转换为委托返回类型 [D:\shangshizhi\src\SmartConstruction.Web\SmartConstruction.Web.csproj]
D:\shangshizhi\src\SmartConstruction.Web\Pages\SafetyInspection.razor(258,27): error CS0019: 运算符“??”无法应用于“List<string>”和“List<SafetyIssueViewModel>”类型的操作数 [D:\shangshizhi\src\SmartConstruction.Web\SmartConstruction.Web.csproj]
D:\shangshizhi\src\SmartConstruction.Web\Pages\SafetyInspection.razor(279,32): error CS1061: “MForm”未包含“ValidateAsync”的定义，并且找不到可接受第一个“MForm”类型参数的可访问扩展方法“ValidateAsync”(是否缺少 using 指令或程序集引用?) [D:\shangshizhi\src\SmartConstruction.Web\SmartConstruction.Web.csproj]
D:\shangshizhi\src\SmartConstruction.Web\Pages\SafetyInspection.razor(309,22): error CS1501: “Add”方法没有采用 2 个参数的重载 [D:\shangshizhi\src\SmartConstruction.Web\SmartConstruction.Web.csproj]
D:\shangshizhi\src\SmartConstruction.Web\Pages\SafetyInspection.razor(313,22): error CS1501: “Add”方法没有采用 2 个参数的重载 [D:\shangshizhi\src\SmartConstruction.Web\SmartConstruction.Web.csproj]
D:\shangshizhi\src\SmartConstruction.Web\Pages\ProjectList.razor(387,26): error CS1061: “MForm”未包含“ValidateAsync”的定义，并且找不到可接受第一个“MForm”类型参数的可访问扩展方法“ValidateAsync”(是否缺少 using 指令或程序集引用?) [D:\shangshizhi\src\SmartConstruction.Web\SmartConstruction.Web.csproj]
D:\shangshizhi\src\SmartConstruction.Web\Pages\ProjectList.razor(413,22): error CS1501: “Add”方法没有采用 2 个参数的重载 [D:\shangshizhi\src\SmartConstruction.Web\SmartConstruction.Web.csproj]
D:\shangshizhi\src\SmartConstruction.Web\Pages\ProjectList.razor(423,22): error CS1501: “Add”方法没有采用 2 个参数的重载 [D:\shangshizhi\src\SmartConstruction.Web\SmartConstruction.Web.csproj]
D:\shangshizhi\src\SmartConstruction.Web\Pages\ProjectList.razor(411,39): warning CS8601: 可能的 null 引用赋值。 [D:\shangshizhi\src\SmartConstruction.Web\SmartConstruction.Web.csproj]
D:\shangshizhi\src\SmartConstruction.Web\Pages\ProjectList.razor(421,42): warning CS8601: 可能的 null 引用赋值。 [D:\shangshizhi\src\SmartConstruction.Web\SmartConstruction.Web.csproj]
D:\shangshizhi\src\SmartConstruction.Web\Pages\ProjectList.razor(435,18): error CS1501: “Add”方法没有采用 2 个参数的重载 [D:\shangshizhi\src\SmartConstruction.Web\SmartConstruction.Web.csproj]
D:\shangshizhi\src\SmartConstruction.Web\obj\Debug\net8.0\Microsoft.CodeAnalysis.Razor.Compiler\Microsoft.NET.Sdk.Razor.SourceGenerators.RazorSourceGenerator\Pages_GovernmentPush_razor.g.cs(1023,172): error CS1503: 参数 8: 无法从“Microsoft.AspNetCore.Components.EventCallback”转换为“Microsoft.AspNetCore.Components.EventCallback<bool>” [D:\shangshizhi\src\SmartConstruction.Web\SmartConstruction.Web.csproj]
D:\shangshizhi\src\SmartConstruction.Web\obj\Debug\net8.0\Microsoft.CodeAnalysis.Razor.Compiler\Microsoft.NET.Sdk.Razor.SourceGenerators.RazorSourceGenerator\Pages_GovernmentPush_razor.g.cs(1143,400): error CS1503: 参数 2: 无法从“Microsoft.AspNetCore.Components.EventCallback<string>”转换为“Microsoft.AspNetCore.Components.EventCallback” [D:\shangshizhi\src\SmartConstruction.Web\SmartConstruction.Web.csproj]
D:\shangshizhi\src\SmartConstruction.Web\Pages\GovernmentPush.razor(120,27): error CS0103: 当前上下文中不存在名称“all” [D:\shangshizhi\src\SmartConstruction.Web\SmartConstruction.Web.csproj]
D:\shangshizhi\src\SmartConstruction.Web\Pages\GovernmentPush.razor(121,27): error CS0103: 当前上下文中不存在名称“success” [D:\shangshizhi\src\SmartConstruction.Web\SmartConstruction.Web.csproj]
D:\shangshizhi\src\SmartConstruction.Web\Pages\GovernmentPush.razor(122,27): error CS0103: 当前上下文中不存在名称“failed” [D:\shangshizhi\src\SmartConstruction.Web\SmartConstruction.Web.csproj]
D:\shangshizhi\src\SmartConstruction.Web\Pages\GovernmentPush.razor(123,27): error CS0103: 当前上下文中不存在名称“pending” [D:\shangshizhi\src\SmartConstruction.Web\SmartConstruction.Web.csproj]
D:\shangshizhi\src\SmartConstruction.Web\Pages\GovernmentPush.razor(170,35): error CS0103: 当前上下文中不存在名称“Name” [D:\shangshizhi\src\SmartConstruction.Web\SmartConstruction.Web.csproj]
D:\shangshizhi\src\SmartConstruction.Web\Pages\GovernmentPush.razor(171,36): error CS0103: 当前上下文中不存在名称“Id” [D:\shangshizhi\src\SmartConstruction.Web\SmartConstruction.Web.csproj]
D:\shangshizhi\src\SmartConstruction.Web\Pages\GovernmentPush.razor(179,35): error CS0103: 当前上下文中不存在名称“Text” [D:\shangshizhi\src\SmartConstruction.Web\SmartConstruction.Web.csproj]
D:\shangshizhi\src\SmartConstruction.Web\Pages\GovernmentPush.razor(180,36): error CS0103: 当前上下文中不存在名称“Value” [D:\shangshizhi\src\SmartConstruction.Web\SmartConstruction.Web.csproj]
D:\shangshizhi\src\SmartConstruction.Web\obj\Debug\net8.0\Microsoft.CodeAnalysis.Razor.Compiler\Microsoft.NET.Sdk.Razor.SourceGenerators.RazorSourceGenerator\Pages_GovernmentPush_razor.g.cs(1594,177): error CS1662: 无法将 lambda 表达式 转换为预期委托类型，因为块中的某些返回类型不可隐式转换为委托返回类型 [D:\shangshizhi\src\SmartConstruction.Web\SmartConstruction.Web.csproj]
D:\shangshizhi\src\SmartConstruction.Web\Pages\ProjectList.razor(223,19): warning CS8618: 在退出构造函数时，不可为 null 的 字段 "_form" 必须包含非 null 值。请考虑添加 "required" 修饰符或将该 字段 声明为可为 null。 [D:\shangshizhi\src\SmartConstruction.Web\SmartConstruction.Web.csproj]
D:\shangshizhi\src\SmartConstruction.Web\Pages\ProjectList.razor(227,30): warning CS8618: 在退出构造函数时，不可为 null 的 字段 "_deletingProject" 必须包含非 null 值。请考虑添加 "required" 修饰符或将该 字段 声明为可为 null。 [D:\shangshizhi\src\SmartConstruction.Web\SmartConstruction.Web.csproj]
D:\shangshizhi\src\SmartConstruction.Web\Pages\GovernmentPush.razor(422,18): error CS1501: “Add”方法没有采用 2 个参数的重载 [D:\shangshizhi\src\SmartConstruction.Web\SmartConstruction.Web.csproj]
D:\shangshizhi\src\SmartConstruction.Web\Pages\GovernmentPush.razor(427,26): error CS1061: “MForm”未包含“ValidateAsync”的定义，并且找不到可接受第一个“MForm”类型参数的可访问扩展方法“ValidateAsync”(是否缺少 using 指令或程序集引用?) [D:\shangshizhi\src\SmartConstruction.Web\SmartConstruction.Web.csproj]
D:\shangshizhi\src\SmartConstruction.Web\Pages\GovernmentPush.razor(456,18): error CS1501: “Add”方法没有采用 2 个参数的重载 [D:\shangshizhi\src\SmartConstruction.Web\SmartConstruction.Web.csproj]
D:\shangshizhi\src\SmartConstruction.Web\Pages\GovernmentPush.razor(440,27): warning CS8601: 可能的 null 引用赋值。 [D:\shangshizhi\src\SmartConstruction.Web\SmartConstruction.Web.csproj]
D:\shangshizhi\src\SmartConstruction.Web\Pages\GovernmentPush.razor(441,24): warning CS8601: 可能的 null 引用赋值。 [D:\shangshizhi\src\SmartConstruction.Web\SmartConstruction.Web.csproj]
D:\shangshizhi\src\SmartConstruction.Web\Pages\SafetyInspection.razor(321,32): warning CS1998: 此异步方法缺少 "await" 运算符，将以同步方式运行。请考虑使用 "await" 运算符等待非阻止的 API 调用，或者使用 "await Task.Run(...)" 在后台线程上执行占用大量 CPU 的工作。 [D:\shangshizhi\src\SmartConstruction.Web\SmartConstruction.Web.csproj]
D:\shangshizhi\src\SmartConstruction.Web\Pages\GovernmentPush.razor(468,18): error CS1501: “Add”方法没有采用 2 个参数的重载 [D:\shangshizhi\src\SmartConstruction.Web\SmartConstruction.Web.csproj]
D:\shangshizhi\src\SmartConstruction.Web\Pages\GovernmentPush.razor(486,18): error CS1501: “Add”方法没有采用 2 个参数的重载 [D:\shangshizhi\src\SmartConstruction.Web\SmartConstruction.Web.csproj]
D:\shangshizhi\src\SmartConstruction.Web\Pages\GovernmentPush.razor(491,18): error CS1501: “Add”方法没有采用 2 个参数的重载 [D:\shangshizhi\src\SmartConstruction.Web\SmartConstruction.Web.csproj]
D:\shangshizhi\src\SmartConstruction.Web\Pages\SafetyInspection.razor(431,18): error CS1501: “Add”方法没有采用 2 个参数的重载 [D:\shangshizhi\src\SmartConstruction.Web\SmartConstruction.Web.csproj]
D:\shangshizhi\src\SmartConstruction.Web\Pages\SafetyInspection.razor(438,18): error CS1501: “Add”方法没有采用 2 个参数的重载 [D:\shangshizhi\src\SmartConstruction.Web\SmartConstruction.Web.csproj]
D:\shangshizhi\src\SmartConstruction.Web\Pages\GovernmentPush.razor(286,19): warning CS8618: 在退出构造函数时，不可为 null 的 字段 "_form" 必须包含非 null 值。请考虑添加 "required" 修饰符或将该 字段 声明为可为 null。 [D:\shangshizhi\src\SmartConstruction.Web\SmartConstruction.Web.csproj]
D:\shangshizhi\src\SmartConstruction.Web\Pages\GovernmentPush.razor(289,37): warning CS8618: 在退出构造函数时，不可为 null 的 字段 "_selectedRecord" 必须包含非 null 值。请考虑添加 "required" 修饰符或将该 字段 声明为可为 null。 [D:\shangshizhi\src\SmartConstruction.Web\SmartConstruction.Web.csproj]
D:\shangshizhi\src\SmartConstruction.Web\Pages\GovernmentPush.razor(556,23): warning CS8618: 在退出构造函数时，不可为 null 的 属性 "Name" 必须包含非 null 值。请考虑添加 "required" 修饰符或将该 属性 声明为可为 null。 [D:\shangshizhi\src\SmartConstruction.Web\SmartConstruction.Web.csproj]
D:\shangshizhi\src\SmartConstruction.Web\Pages\GovernmentPush.razor(557,23): warning CS8618: 在退出构造函数时，不可为 null 的 属性 "Text" 必须包含非 null 值。请考虑添加 "required" 修饰符或将该 属性 声明为可为 null。 [D:\shangshizhi\src\SmartConstruction.Web\SmartConstruction.Web.csproj]
D:\shangshizhi\src\SmartConstruction.Web\Pages\GovernmentPush.razor(558,23): warning CS8618: 在退出构造函数时，不可为 null 的 属性 "Value" 必须包含非 null 值。请考虑添加 "required" 修饰符或将该 属性 声明为可为 null。 [D:\shangshizhi\src\SmartConstruction.Web\SmartConstruction.Web.csproj]
D:\shangshizhi\src\SmartConstruction.Web\Pages\GovernmentPush.razor(564,23): warning CS8618: 在退出构造函数时，不可为 null 的 属性 "DataType" 必须包含非 null 值。请考虑添加 "required" 修饰符或将该 属性 声明为可为 null。 [D:\shangshizhi\src\SmartConstruction.Web\SmartConstruction.Web.csproj]
D:\shangshizhi\src\SmartConstruction.Web\Pages\GovernmentPush.razor(567,23): warning CS8618: 在退出构造函数时，不可为 null 的 属性 "Remark" 必须包含非 null 值。请考虑添加 "required" 修饰符或将该 属性 声明为可为 null。 [D:\shangshizhi\src\SmartConstruction.Web\SmartConstruction.Web.csproj]
D:\shangshizhi\src\SmartConstruction.Web\Pages\GovernmentPush.razor(580,23): warning CS8618: 在退出构造函数时，不可为 null 的 属性 "DataType" 必须包含非 null 值。请考虑添加 "required" 修饰符或将该 属性 声明为可为 null。 [D:\shangshizhi\src\SmartConstruction.Web\SmartConstruction.Web.csproj]
D:\shangshizhi\src\SmartConstruction.Web\Pages\GovernmentPush.razor(581,23): warning CS8618: 在退出构造函数时，不可为 null 的 属性 "DataTypeName" 必须包含非 null 值。请考虑添加 "required" 修饰符或将该 属性 声明为可为 null。 [D:\shangshizhi\src\SmartConstruction.Web\SmartConstruction.Web.csproj]
D:\shangshizhi\src\SmartConstruction.Web\Pages\GovernmentPush.razor(582,23): warning CS8618: 在退出构造函数时，不可为 null 的 属性 "Frequency" 必须包含非 null 值。请考虑添加 "required" 修饰符或将该 属性 声明为可为 null。 [D:\shangshizhi\src\SmartConstruction.Web\SmartConstruction.Web.csproj]
D:\shangshizhi\src\SmartConstruction.Web\Services\ApiServices\DataService.cs(693,20): warning CS8603: 可能返回 null 引用。 [D:\shangshizhi\src\SmartConstruction.Web\SmartConstruction.Web.csproj]
D:\shangshizhi\src\SmartConstruction.Web\Pages\SafetyInspection.razor(464,18): error CS1501: “Add”方法没有采用 2 个参数的重载 [D:\shangshizhi\src\SmartConstruction.Web\SmartConstruction.Web.csproj]
D:\shangshizhi\src\SmartConstruction.Web\obj\Debug\net8.0\Microsoft.CodeAnalysis.Razor.Compiler\Microsoft.NET.Sdk.Razor.SourceGenerators.RazorSourceGenerator\Layout_MainLayout_razor.g.cs(266,375): error CS1503: 参数 2: 无法从“Microsoft.AspNetCore.Components.EventCallback<bool>”转换为“Microsoft.AspNetCore.Components.EventCallback” [D:\shangshizhi\src\SmartConstruction.Web\SmartConstruction.Web.csproj]
D:\shangshizhi\src\SmartConstruction.Web\Pages\SafetyInspection.razor(224,19): warning CS8618: 在退出构造函数时，不可为 null 的 字段 "_reportForm" 必须包含非 null 值。请考虑添加 "required" 修饰符或将该 字段 声明为可为 null。 [D:\shangshizhi\src\SmartConstruction.Web\SmartConstruction.Web.csproj]
D:\shangshizhi\src\SmartConstruction.Web\obj\Debug\net8.0\Microsoft.CodeAnalysis.Razor.Compiler\Microsoft.NET.Sdk.Razor.SourceGenerators.RazorSourceGenerator\Pages_LowCodeDesigner_razor.g.cs(1297,48): error CS1503: 参数 12: 无法从“Microsoft.AspNetCore.Components.EventCallback”转换为“Microsoft.AspNetCore.Components.EventCallback<string>” [D:\shangshizhi\src\SmartConstruction.Web\SmartConstruction.Web.csproj]
D:\shangshizhi\src\SmartConstruction.Web\obj\Debug\net8.0\Microsoft.CodeAnalysis.Razor.Compiler\Microsoft.NET.Sdk.Razor.SourceGenerators.RazorSourceGenerator\Pages_LowCodeDesigner_razor.g.cs(1333,48): error CS1503: 参数 12: 无法从“Microsoft.AspNetCore.Components.EventCallback”转换为“Microsoft.AspNetCore.Components.EventCallback<string>” [D:\shangshizhi\src\SmartConstruction.Web\SmartConstruction.Web.csproj]
D:\shangshizhi\src\SmartConstruction.Web\obj\Debug\net8.0\Microsoft.CodeAnalysis.Razor.Compiler\Microsoft.NET.Sdk.Razor.SourceGenerators.RazorSourceGenerator\Pages_LowCodeDesigner_razor.g.cs(1471,176): error CS1503: 参数 8: 无法从“Microsoft.AspNetCore.Components.EventCallback”转换为“Microsoft.AspNetCore.Components.EventCallback<bool>” [D:\shangshizhi\src\SmartConstruction.Web\SmartConstruction.Web.csproj]
D:\shangshizhi\src\SmartConstruction.Web\obj\Debug\net8.0\Microsoft.CodeAnalysis.Razor.Compiler\Microsoft.NET.Sdk.Razor.SourceGenerators.RazorSourceGenerator\Pages_LowCodeDesigner_razor.g.cs(1666,48): error CS1503: 参数 12: 无法从“Microsoft.AspNetCore.Components.EventCallback”转换为“Microsoft.AspNetCore.Components.EventCallback<string>” [D:\shangshizhi\src\SmartConstruction.Web\SmartConstruction.Web.csproj]
D:\shangshizhi\src\SmartConstruction.Web\obj\Debug\net8.0\Microsoft.CodeAnalysis.Razor.Compiler\Microsoft.NET.Sdk.Razor.SourceGenerators.RazorSourceGenerator\Pages_LowCodeDesigner_razor.g.cs(1726,48): error CS1503: 参数 14: 无法从“Microsoft.AspNetCore.Components.EventCallback”转换为“Microsoft.AspNetCore.Components.EventCallback<double?>” [D:\shangshizhi\src\SmartConstruction.Web\SmartConstruction.Web.csproj]
D:\shangshizhi\src\SmartConstruction.Web\obj\Debug\net8.0\Microsoft.CodeAnalysis.Razor.Compiler\Microsoft.NET.Sdk.Razor.SourceGenerators.RazorSourceGenerator\Pages_LowCodeDesigner_razor.g.cs(1762,48): error CS1503: 参数 14: 无法从“Microsoft.AspNetCore.Components.EventCallback”转换为“Microsoft.AspNetCore.Components.EventCallback<double?>” [D:\shangshizhi\src\SmartConstruction.Web\SmartConstruction.Web.csproj]
D:\shangshizhi\src\SmartConstruction.Web\obj\Debug\net8.0\Microsoft.CodeAnalysis.Razor.Compiler\Microsoft.NET.Sdk.Razor.SourceGenerators.RazorSourceGenerator\Pages_iot_Realtime_razor.g.cs(433,399): error CS1503: 参数 2: 无法从“Microsoft.AspNetCore.Components.EventCallback<string>”转换为“Microsoft.AspNetCore.Components.EventCallback” [D:\shangshizhi\src\SmartConstruction.Web\SmartConstruction.Web.csproj]
D:\shangshizhi\src\SmartConstruction.Web\Pages\iot\Realtime.razor(523,24): warning CS1998: 此异步方法缺少 "await" 运算符，将以同步方式运行。请考虑使用 "await" 运算符等待非阻止的 API 调用，或者使用 "await Task.Run(...)" 在后台线程上执行占用大量 CPU 的工作。 [D:\shangshizhi\src\SmartConstruction.Web\SmartConstruction.Web.csproj]
D:\shangshizhi\src\SmartConstruction.Web\Pages\LowCodeDesigner.razor(570,22): error CS1501: “Add”方法没有采用 2 个参数的重载 [D:\shangshizhi\src\SmartConstruction.Web\SmartConstruction.Web.csproj]
D:\shangshizhi\src\SmartConstruction.Web\Pages\LowCodeDesigner.razor(574,22): error CS1501: “Add”方法没有采用 2 个参数的重载 [D:\shangshizhi\src\SmartConstruction.Web\SmartConstruction.Web.csproj]
D:\shangshizhi\src\SmartConstruction.Web\Pages\LowCodeDesigner.razor(600,22): error CS1501: “Add”方法没有采用 2 个参数的重载 [D:\shangshizhi\src\SmartConstruction.Web\SmartConstruction.Web.csproj]
D:\shangshizhi\src\SmartConstruction.Web\Pages\LowCodeDesigner.razor(604,22): error CS1501: “Add”方法没有采用 2 个参数的重载 [D:\shangshizhi\src\SmartConstruction.Web\SmartConstruction.Web.csproj]
D:\shangshizhi\src\SmartConstruction.Web\Pages\LowCodeDesigner.razor(583,24): warning CS1998: 此异步方法缺少 "await" 运算符，将以同步方式运行。请考虑使用 "await" 运算符等待非阻止的 API 调用，或者使用 "await Task.Run(...)" 在后台线程上执行占用大量 CPU 的工作。 [D:\shangshizhi\src\SmartConstruction.Web\SmartConstruction.Web.csproj]
D:\shangshizhi\src\SmartConstruction.Web\Pages\LowCodeDesigner.razor(615,22): error CS1501: “Add”方法没有采用 2 个参数的重载 [D:\shangshizhi\src\SmartConstruction.Web\SmartConstruction.Web.csproj]
D:\shangshizhi\src\SmartConstruction.Web\Pages\LowCodeDesigner.razor(619,22): error CS1501: “Add”方法没有采用 2 个参数的重载 [D:\shangshizhi\src\SmartConstruction.Web\SmartConstruction.Web.csproj]
D:\shangshizhi\src\SmartConstruction.Web\Pages\LowCodeDesigner.razor(608,24): warning CS1998: 此异步方法缺少 "await" 运算符，将以同步方式运行。请考虑使用 "await" 运算符等待非阻止的 API 调用，或者使用 "await Task.Run(...)" 在后台线程上执行占用大量 CPU 的工作。 [D:\shangshizhi\src\SmartConstruction.Web\SmartConstruction.Web.csproj]
D:\shangshizhi\src\SmartConstruction.Web\Pages\iot\Realtime.razor(622,31): error CS0104: “AlertTypes”是“SmartConstruction.Web.Models.AlertTypes”和“BlazorComponent.AlertTypes”之间的不明确的引用 [D:\shangshizhi\src\SmartConstruction.Web\SmartConstruction.Web.csproj]
D:\shangshizhi\src\SmartConstruction.Web\Pages\iot\Realtime.razor(616,24): warning CS1998: 此异步方法缺少 "await" 运算符，将以同步方式运行。请考虑使用 "await" 运算符等待非阻止的 API 调用，或者使用 "await Task.Run(...)" 在后台线程上执行占用大量 CPU 的工作。 [D:\shangshizhi\src\SmartConstruction.Web\SmartConstruction.Web.csproj]
D:\shangshizhi\src\SmartConstruction.Web\Pages\iot\Realtime.razor(628,31): error CS0104: “AlertTypes”是“SmartConstruction.Web.Models.AlertTypes”和“BlazorComponent.AlertTypes”之间的不明确的引用 [D:\shangshizhi\src\SmartConstruction.Web\SmartConstruction.Web.csproj]
D:\shangshizhi\src\SmartConstruction.Web\Pages\iot\Realtime.razor(708,23): warning CS8618: 在退出构造函数时，不可为 null 的 属性 "PlateNumber" 必须包含非 null 值。请考虑添加 "required" 修饰符或将该 属性 声明为可为 null。 [D:\shangshizhi\src\SmartConstruction.Web\SmartConstruction.Web.csproj]
D:\shangshizhi\src\SmartConstruction.Web\Pages\iot\Realtime.razor(709,23): warning CS8618: 在退出构造函数时，不可为 null 的 属性 "VehicleType" 必须包含非 null 值。请考虑添加 "required" 修饰符或将该 属性 声明为可为 null。 [D:\shangshizhi\src\SmartConstruction.Web\SmartConstruction.Web.csproj]
D:\shangshizhi\src\SmartConstruction.Web\Pages\iot\Realtime.razor(710,23): warning CS8618: 在退出构造函数时，不可为 null 的 属性 "Direction" 必须包含非 null 值。请考虑添加 "required" 修饰符或将该 属性 声明为可为 null。 [D:\shangshizhi\src\SmartConstruction.Web\SmartConstruction.Web.csproj]
D:\shangshizhi\src\SmartConstruction.Web\Pages\iot\Realtime.razor(681,23): warning CS8618: 在退出构造函数时，不可为 null 的 属性 "Status" 必须包含非 null 值。请考虑添加 "required" 修饰符或将该 属性 声明为可为 null。 [D:\shangshizhi\src\SmartConstruction.Web\SmartConstruction.Web.csproj]
D:\shangshizhi\src\SmartConstruction.Web\Pages\iot\Realtime.razor(698,23): warning CS8618: 在退出构造函数时，不可为 null 的 属性 "Direction" 必须包含非 null 值。请考虑添加 "required" 修饰符或将该 属性 声明为可为 null。 [D:\shangshizhi\src\SmartConstruction.Web\SmartConstruction.Web.csproj]
D:\shangshizhi\src\SmartConstruction.Web\Pages\iot\Realtime.razor(436,36): warning CS8618: 在退出构造函数时，不可为 null 的 字段 "_timer" 必须包含非 null 值。请考虑添加 "required" 修饰符或将该 字段 声明为可为 null。 [D:\shangshizhi\src\SmartConstruction.Web\SmartConstruction.Web.csproj]
D:\shangshizhi\src\SmartConstruction.Web\Pages\iot\Realtime.razor(437,27): warning CS8618: 在退出构造函数时，不可为 null 的 字段 "_hubConnection" 必须包含非 null 值。请考虑添加 "required" 修饰符或将该 字段 声明为可为 null。 [D:\shangshizhi\src\SmartConstruction.Web\SmartConstruction.Web.csproj]
D:\shangshizhi\src\SmartConstruction.Web\Pages\iot\Realtime.razor(437,27): warning CS0649: 从未对字段“Realtime._hubConnection”赋值，字段将一直保持其默认值 null [D:\shangshizhi\src\SmartConstruction.Web\SmartConstruction.Web.csproj]
D:\shangshizhi\src\SmartConstruction.Web\Pages\iot\Realtime.razor(435,18): warning CS0414: 字段“Realtime._alertDialog”已被赋值，但从未使用过它的值 [D:\shangshizhi\src\SmartConstruction.Web\SmartConstruction.Web.csproj]
D:\shangshizhi\src\SmartConstruction.Web\Pages\SafetyInspection.razor(222,18): warning CS0414: 字段“SafetyInspection._isGenerating”已被赋值，但从未使用过它的值 [D:\shangshizhi\src\SmartConstruction.Web\SmartConstruction.Web.csproj]

生成失败。

D:\shangshizhi\src\SmartConstruction.Web\SmartConstruction.Web.csproj : warning NU1904: 包 "Refit" 7.0.0 具有已知的 严重 严重性漏洞，https://github.com/advisories/GHSA-3hxg-fxwm-8gf7 [D:\shangshizhi\SmartConstruction.sln]
D:\shangshizhi\src\SmartConstruction.Service\SmartConstruction.Service.csproj : warning NU1603: SmartConstruction.Service 依赖于 Swashbuckle.AspNetCore (>= 8.0.3)，但没有找到 Swashbuckle.AspNetCore 8.0.3。已改为解析 Swashbuckle.AspNetCore 8.1.0。 [D:\shangshizhi\SmartConstruction.sln]
D:\shangshizhi\src\SmartConstruction.Web\SmartConstruction.Web.csproj : warning NU1904: 包 "Refit" 7.0.0 具有已知的 严重 严重性漏洞，https://github.com/advisories/GHSA-3hxg-fxwm-8gf7
D:\shangshizhi\src\SmartConstruction.Service\SmartConstruction.Service.csproj : warning NU1603: SmartConstruction.Service 依赖于 Swashbuckle.AspNetCore (>= 8.0.3)，但没有找到 Swashbuckle.AspNetCore 8.0.3。已改为解析 Swashbuckle.AspNetCore 8.1.0。
D:\shangshizhi\src\SmartConstruction.Service\Controllers\Base\BaseApiController.cs(20,55): warning CS8625: 无法将 null 字面量转换为非 null 的引用类型。 [D:\shangshizhi\src\SmartConstruction.Service\SmartConstruction.Service.csproj]
D:\shangshizhi\src\SmartConstruction.Service\Hubs\IoTDataHub.cs(35,36): warning CS8765: 参数“exception”类型的为 Null 性与重写成员不匹配(可能是由于为 Null 性特性)。 [D:\shangshizhi\src\SmartConstruction.Service\SmartConstruction.Service.csproj]
D:\shangshizhi\src\SmartConstruction.Service\Infrastructure\Repositories\IRepository.cs(116,68): warning CS8625: 无法将 null 字面量转换为非 null 的引用类型。 [D:\shangshizhi\src\SmartConstruction.Service\SmartConstruction.Service.csproj]
D:\shangshizhi\src\SmartConstruction.Service\Infrastructure\Repositories\Repository.cs(170,81): warning CS8625: 无法将 null 字面量转换为非 null 的引用类型。 [D:\shangshizhi\src\SmartConstruction.Service\SmartConstruction.Service.csproj]
D:\shangshizhi\src\SmartConstruction.Service\Services\Base\BaseService.cs(125,57): warning CS8625: 无法将 null 字面量转换为非 null 的引用类型。 [D:\shangshizhi\src\SmartConstruction.Service\SmartConstruction.Service.csproj]
D:\shangshizhi\src\SmartConstruction.Service\Services\Base\BaseService.cs(126,77): warning CS8625: 无法将 null 字面量转换为非 null 的引用类型。 [D:\shangshizhi\src\SmartConstruction.Service\SmartConstruction.Service.csproj]
D:\shangshizhi\src\SmartConstruction.Service\Services\Base\BaseService.cs(179,95): warning CS8625: 无法将 null 字面量转换为非 null 的引用类型。 [D:\shangshizhi\src\SmartConstruction.Service\SmartConstruction.Service.csproj]
D:\shangshizhi\src\SmartConstruction.Service\Controllers\Base\BaseApiController.cs(59,23): warning CS8618: 在退出构造函数时，不可为 null 的 属性 "Message" 必须包含非 null 值。请考虑添加 "required" 修饰符或将该 属性 声明为可为 null。 [D:\shangshizhi\src\SmartConstruction.Service\SmartConstruction.Service.csproj]
D:\shangshizhi\src\SmartConstruction.Service\Controllers\Base\BaseApiController.cs(64,23): warning CS8618: 在退出构造函数时，不可为 null 的 属性 "Data" 必须包含非 null 值。请考虑添加 "required" 修饰符或将该 属性 声明为可为 null。 [D:\shangshizhi\src\SmartConstruction.Service\SmartConstruction.Service.csproj]
D:\shangshizhi\src\SmartConstruction.Service\Controllers\SafetyIncidentController.cs(190,23): warning CS8618: 在退出构造函数时，不可为 null 的 属性 "HandledBy" 必须包含非 null 值。请考虑添加 "required" 修饰符或将该 属性 声明为可为 null。 [D:\shangshizhi\src\SmartConstruction.Service\SmartConstruction.Service.csproj]
D:\shangshizhi\src\SmartConstruction.Service\Controllers\SafetyIncidentController.cs(191,23): warning CS8618: 在退出构造函数时，不可为 null 的 属性 "HandlingResult" 必须包含非 null 值。请考虑添加 "required" 修饰符或将该 属性 声明为可为 null。 [D:\shangshizhi\src\SmartConstruction.Service\SmartConstruction.Service.csproj]
D:\shangshizhi\src\SmartConstruction.Service\Infrastructure\UnitOfWork\UnitOfWork.cs(29,16): warning CS8618: 在退出构造函数时，不可为 null 的 字段 "_companyRepository" 必须包含非 null 值。请考虑添加 "required" 修饰符或将该 字段 声明为可为 null。 [D:\shangshizhi\src\SmartConstruction.Service\SmartConstruction.Service.csproj]
D:\shangshizhi\src\SmartConstruction.Service\Infrastructure\UnitOfWork\UnitOfWork.cs(29,16): warning CS8618: 在退出构造函数时，不可为 null 的 字段 "_projectRepository" 必须包含非 null 值。请考虑添加 "required" 修饰符或将该 字段 声明为可为 null。 [D:\shangshizhi\src\SmartConstruction.Service\SmartConstruction.Service.csproj]
D:\shangshizhi\src\SmartConstruction.Service\Infrastructure\UnitOfWork\UnitOfWork.cs(29,16): warning CS8618: 在退出构造函数时，不可为 null 的 字段 "_teamRepository" 必须包含非 null 值。请考虑添加 "required" 修饰符或将该 字段 声明为可为 null。 [D:\shangshizhi\src\SmartConstruction.Service\SmartConstruction.Service.csproj]
D:\shangshizhi\src\SmartConstruction.Service\Infrastructure\UnitOfWork\UnitOfWork.cs(29,16): warning CS8618: 在退出构造函数时，不可为 null 的 字段 "_workerRepository" 必须包含非 null 值。请考虑添加 "required" 修饰符或将该 字段 声明为可为 null。 [D:\shangshizhi\src\SmartConstruction.Service\SmartConstruction.Service.csproj]
D:\shangshizhi\src\SmartConstruction.Service\Infrastructure\UnitOfWork\UnitOfWork.cs(29,16): warning CS8618: 在退出构造函数时，不可为 null 的 字段 "_workerAttendanceProfileRepository" 必须包含非 null 值。请考虑添加 "required" 修饰符或将该 字段 声明为可为 null。 [D:\shangshizhi\src\SmartConstruction.Service\SmartConstruction.Service.csproj]
D:\shangshizhi\src\SmartConstruction.Service\Infrastructure\UnitOfWork\UnitOfWork.cs(29,16): warning CS8618: 在退出构造函数时，不可为 null 的 字段 "_attendanceRecordRepository" 必须包含非 null 值。请考虑添加 "required" 修饰符或将该 字段 声明为可为 null。 [D:\shangshizhi\src\SmartConstruction.Service\SmartConstruction.Service.csproj]
D:\shangshizhi\src\SmartConstruction.Service\Infrastructure\UnitOfWork\UnitOfWork.cs(29,16): warning CS8618: 在退出构造函数时，不可为 null 的 字段 "_deviceRepository" 必须包含非 null 值。请考虑添加 "required" 修饰符或将该 字段 声明为可为 null。 [D:\shangshizhi\src\SmartConstruction.Service\SmartConstruction.Service.csproj]
D:\shangshizhi\src\SmartConstruction.Service\Infrastructure\UnitOfWork\UnitOfWork.cs(29,16): warning CS8618: 在退出构造函数时，不可为 null 的 字段 "_safetyIncidentRepository" 必须包含非 null 值。请考虑添加 "required" 修饰符或将该 字段 声明为可为 null。 [D:\shangshizhi\src\SmartConstruction.Service\SmartConstruction.Service.csproj]
D:\shangshizhi\src\SmartConstruction.Service\Infrastructure\UnitOfWork\UnitOfWork.cs(29,16): warning CS8618: 在退出构造函数时，不可为 null 的 字段 "_governmentDataRepository" 必须包含非 null 值。请考虑添加 "required" 修饰符或将该 字段 声明为可为 null。 [D:\shangshizhi\src\SmartConstruction.Service\SmartConstruction.Service.csproj]
D:\shangshizhi\src\SmartConstruction.Service\Infrastructure\UnitOfWork\UnitOfWork.cs(29,16): warning CS8618: 在退出构造函数时，不可为 null 的 字段 "_tenantRepository" 必须包含非 null 值。请考虑添加 "required" 修饰符或将该 字段 声明为可为 null。 [D:\shangshizhi\src\SmartConstruction.Service\SmartConstruction.Service.csproj]
D:\shangshizhi\src\SmartConstruction.Service\Services\Base\BaseService.cs(38,54): warning CS1998: 此异步方法缺少 "await" 运算符，将以同步方式运行。请考虑使用 "await" 运算符等待非阻止的 API 调用，或者使用 "await Task.Run(...)" 在后台线程上执行占用大量 CPU 的工作。 [D:\shangshizhi\src\SmartConstruction.Service\SmartConstruction.Service.csproj]
D:\shangshizhi\src\SmartConstruction.Service\Infrastructure\Repositories\Repository.cs(76,20): warning CS8603: 可能返回 null 引用。 [D:\shangshizhi\src\SmartConstruction.Service\SmartConstruction.Service.csproj]
D:\shangshizhi\src\SmartConstruction.Service\Services\Base\BaseService.cs(60,54): warning CS1998: 此异步方法缺少 "await" 运算符，将以同步方式运行。请考虑使用 "await" 运算符等待非阻止的 API 调用，或者使用 "await Task.Run(...)" 在后台线程上执行占用大量 CPU 的工作。 [D:\shangshizhi\src\SmartConstruction.Service\SmartConstruction.Service.csproj]
D:\shangshizhi\src\SmartConstruction.Service\Controllers\AttendanceController.cs(175,36): warning CS8625: 无法将 null 字面量转换为非 null 的引用类型。 [D:\shangshizhi\src\SmartConstruction.Service\SmartConstruction.Service.csproj]
D:\shangshizhi\src\SmartConstruction.Service\Controllers\CompanyController.cs(160,36): warning CS8625: 无法将 null 字面量转换为非 null 的引用类型。 [D:\shangshizhi\src\SmartConstruction.Service\SmartConstruction.Service.csproj]
D:\shangshizhi\src\SmartConstruction.Service\Controllers\DeviceController.cs(196,36): warning CS8625: 无法将 null 字面量转换为非 null 的引用类型。 [D:\shangshizhi\src\SmartConstruction.Service\SmartConstruction.Service.csproj]
D:\shangshizhi\src\SmartConstruction.Service\Controllers\ProjectController.cs(163,36): warning CS8625: 无法将 null 字面量转换为非 null 的引用类型。 [D:\shangshizhi\src\SmartConstruction.Service\SmartConstruction.Service.csproj]
D:\shangshizhi\src\SmartConstruction.Service\Program.cs(87,35): warning CS8604: “byte[] Encoding.GetBytes(string s)”中的形参“s”可能传入 null 引用实参。 [D:\shangshizhi\src\SmartConstruction.Service\SmartConstruction.Service.csproj]
D:\shangshizhi\src\SmartConstruction.Service\Infrastructure\UnitOfWork\UnitOfWork.cs(202,98): warning CS8603: 可能返回 null 引用。 [D:\shangshizhi\src\SmartConstruction.Service\SmartConstruction.Service.csproj]
D:\shangshizhi\src\SmartConstruction.Service\Infrastructure\UnitOfWork\UnitOfWork.cs(232,36): warning CS1998: 此异步方法缺少 "await" 运算符，将以同步方式运行。请考虑使用 "await" 运算符等待非阻止的 API 调用，或者使用 "await Task.Run(...)" 在后台线程上执行占用大量 CPU 的工作。 [D:\shangshizhi\src\SmartConstruction.Service\SmartConstruction.Service.csproj]
D:\shangshizhi\src\SmartConstruction.Service\Services\Base\BaseService.cs(132,58): warning CS8604: “Task<int> IRepository<TEntity>.CountAsync(Expression<Func<TEntity, bool>> predicate = null)”中的形参“predicate”可能传入 null 引用实参。 [D:\shangshizhi\src\SmartConstruction.Service\SmartConstruction.Service.csproj]
D:\shangshizhi\src\SmartConstruction.Service\Infrastructure\Repositories\Repository.cs(234,20): warning CS8603: 可能返回 null 引用。 [D:\shangshizhi\src\SmartConstruction.Service\SmartConstruction.Service.csproj]
D:\shangshizhi\src\SmartConstruction.Service\Infrastructure\Repositories\Repository.cs(244,20): warning CS8603: 可能返回 null 引用。 [D:\shangshizhi\src\SmartConstruction.Service\SmartConstruction.Service.csproj]
D:\shangshizhi\src\SmartConstruction.Service\Infrastructure\Repositories\Repository.cs(263,30): warning CS1998: 此异步方法缺少 "await" 运算符，将以同步方式运行。请考虑使用 "await" 运算符等待非阻止的 API 调用，或者使用 "await Task.Run(...)" 在后台线程上执行占用大量 CPU 的工作。 [D:\shangshizhi\src\SmartConstruction.Service\SmartConstruction.Service.csproj]
D:\shangshizhi\src\SmartConstruction.Service\Infrastructure\Repositories\Repository.cs(276,20): warning CS8603: 可能返回 null 引用。 [D:\shangshizhi\src\SmartConstruction.Service\SmartConstruction.Service.csproj]
D:\shangshizhi\src\SmartConstruction.Service\Infrastructure\Repositories\Repository.cs(316,33): warning CS1998: 此异步方法缺少 "await" 运算符，将以同步方式运行。请考虑使用 "await" 运算符等待非阻止的 API 调用，或者使用 "await Task.Run(...)" 在后台线程上执行占用大量 CPU 的工作。 [D:\shangshizhi\src\SmartConstruction.Service\SmartConstruction.Service.csproj]
D:\shangshizhi\src\SmartConstruction.Web\App.razor(8,25): warning RZ10012: Found markup element with unexpected name 'RedirectToLogin'. If this is intended to be a component, add a @using directive for its namespace. [D:\shangshizhi\src\SmartConstruction.Web\SmartConstruction.Web.csproj]
D:\shangshizhi\src\SmartConstruction.Web\App.razor(26,45): warning RZ10012: Found markup element with unexpected name 'MBtn'. If this is intended to be a component, add a @using directive for its namespace. [D:\shangshizhi\src\SmartConstruction.Web\SmartConstruction.Web.csproj]
D:\shangshizhi\src\SmartConstruction.Web\App.razor(63,41): warning RZ10012: Found markup element with unexpected name 'MBtn'. If this is intended to be a component, add a @using directive for its namespace. [D:\shangshizhi\src\SmartConstruction.Web\SmartConstruction.Web.csproj]
D:\shangshizhi\src\SmartConstruction.Web\Pages\GovernmentPush.razor(17,17): warning RZ10012: Found markup element with unexpected name 'MBtn'. If this is intended to be a component, add a @using directive for its namespace. [D:\shangshizhi\src\SmartConstruction.Web\SmartConstruction.Web.csproj]
D:\shangshizhi\src\SmartConstruction.Web\Pages\GovernmentPush.razor(21,17): warning RZ10012: Found markup element with unexpected name 'MBtn'. If this is intended to be a component, add a @using directive for its namespace. [D:\shangshizhi\src\SmartConstruction.Web\SmartConstruction.Web.csproj]
D:\shangshizhi\src\SmartConstruction.Web\Pages\GovernmentPush.razor(102,37): warning RZ10012: Found markup element with unexpected name 'MBtn'. If this is intended to be a component, add a @using directive for its namespace. [D:\shangshizhi\src\SmartConstruction.Web\SmartConstruction.Web.csproj]
D:\shangshizhi\src\SmartConstruction.Web\Pages\GovernmentPush.razor(142,21): warning RZ10012: Found markup element with unexpected name 'MBtn'. If this is intended to be a component, add a @using directive for its namespace. [D:\shangshizhi\src\SmartConstruction.Web\SmartConstruction.Web.csproj]
D:\shangshizhi\src\SmartConstruction.Web\Pages\GovernmentPush.razor(147,25): warning RZ10012: Found markup element with unexpected name 'MBtn'. If this is intended to be a component, add a @using directive for its namespace. [D:\shangshizhi\src\SmartConstruction.Web\SmartConstruction.Web.csproj]
D:\shangshizhi\src\SmartConstruction.Web\Pages\GovernmentPush.razor(210,13): warning RZ10012: Found markup element with unexpected name 'MBtn'. If this is intended to be a component, add a @using directive for its namespace. [D:\shangshizhi\src\SmartConstruction.Web\SmartConstruction.Web.csproj]
D:\shangshizhi\src\SmartConstruction.Web\Pages\GovernmentPush.razor(211,13): warning RZ10012: Found markup element with unexpected name 'MBtn'. If this is intended to be a component, add a @using directive for its namespace. [D:\shangshizhi\src\SmartConstruction.Web\SmartConstruction.Web.csproj]
D:\shangshizhi\src\SmartConstruction.Web\Pages\GovernmentPush.razor(276,13): warning RZ10012: Found markup element with unexpected name 'MBtn'. If this is intended to be a component, add a @using directive for its namespace. [D:\shangshizhi\src\SmartConstruction.Web\SmartConstruction.Web.csproj]
D:\shangshizhi\src\SmartConstruction.Web\Pages\iot\Realtime.razor(22,17): warning RZ10012: Found markup element with unexpected name 'MBtn'. If this is intended to be a component, add a @using directive for its namespace. [D:\shangshizhi\src\SmartConstruction.Web\SmartConstruction.Web.csproj]
D:\shangshizhi\src\SmartConstruction.Web\Pages\iot\Realtime.razor(291,21): warning RZ10012: Found markup element with unexpected name 'MBtn'. If this is intended to be a component, add a @using directive for its namespace. [D:\shangshizhi\src\SmartConstruction.Web\SmartConstruction.Web.csproj]
D:\shangshizhi\src\SmartConstruction.Web\Pages\iot\Realtime.razor(319,37): warning RZ10012: Found markup element with unexpected name 'MBtn'. If this is intended to be a component, add a @using directive for its namespace. [D:\shangshizhi\src\SmartConstruction.Web\SmartConstruction.Web.csproj]
D:\shangshizhi\src\SmartConstruction.Web\Pages\iot\Realtime.razor(393,41): warning RZ2012: Component 'MSelect' expects a value for the parameter 'ItemText', but a value may not have been provided. [D:\shangshizhi\src\SmartConstruction.Web\SmartConstruction.Web.csproj]
D:\shangshizhi\src\SmartConstruction.Web\Pages\iot\Realtime.razor(393,41): warning RZ2012: Component 'MSelect' expects a value for the parameter 'ItemValue', but a value may not have been provided. [D:\shangshizhi\src\SmartConstruction.Web\SmartConstruction.Web.csproj]
D:\shangshizhi\src\SmartConstruction.Web\Pages\iot\Realtime.razor(399,41): warning RZ2012: Component 'MSelect' expects a value for the parameter 'ItemText', but a value may not have been provided. [D:\shangshizhi\src\SmartConstruction.Web\SmartConstruction.Web.csproj]
D:\shangshizhi\src\SmartConstruction.Web\Pages\iot\Realtime.razor(399,41): warning RZ2012: Component 'MSelect' expects a value for the parameter 'ItemValue', but a value may not have been provided. [D:\shangshizhi\src\SmartConstruction.Web\SmartConstruction.Web.csproj]
D:\shangshizhi\src\SmartConstruction.Web\Pages\iot\Realtime.razor(405,41): warning RZ2012: Component 'MSelect' expects a value for the parameter 'ItemText', but a value may not have been provided. [D:\shangshizhi\src\SmartConstruction.Web\SmartConstruction.Web.csproj]
D:\shangshizhi\src\SmartConstruction.Web\Pages\iot\Realtime.razor(405,41): warning RZ2012: Component 'MSelect' expects a value for the parameter 'ItemValue', but a value may not have been provided. [D:\shangshizhi\src\SmartConstruction.Web\SmartConstruction.Web.csproj]
D:\shangshizhi\src\SmartConstruction.Web\Pages\iot\Realtime.razor(415,25): warning RZ10012: Found markup element with unexpected name 'MBtn'. If this is intended to be a component, add a @using directive for its namespace. [D:\shangshizhi\src\SmartConstruction.Web\SmartConstruction.Web.csproj]
D:\shangshizhi\src\SmartConstruction.Web\Pages\iot\Realtime.razor(425,13): warning RZ10012: Found markup element with unexpected name 'MBtn'. If this is intended to be a component, add a @using directive for its namespace. [D:\shangshizhi\src\SmartConstruction.Web\SmartConstruction.Web.csproj]
D:\shangshizhi\src\SmartConstruction.Web\Pages\iot\Realtime.razor(426,13): warning RZ10012: Found markup element with unexpected name 'MBtn'. If this is intended to be a component, add a @using directive for its namespace. [D:\shangshizhi\src\SmartConstruction.Web\SmartConstruction.Web.csproj]
D:\shangshizhi\src\SmartConstruction.Web\Pages\LowCodeDesigner.razor(17,17): warning RZ10012: Found markup element with unexpected name 'MBtn'. If this is intended to be a component, add a @using directive for its namespace. [D:\shangshizhi\src\SmartConstruction.Web\SmartConstruction.Web.csproj]
D:\shangshizhi\src\SmartConstruction.Web\Pages\LowCodeDesigner.razor(21,17): warning RZ10012: Found markup element with unexpected name 'MBtn'. If this is intended to be a component, add a @using directive for its namespace. [D:\shangshizhi\src\SmartConstruction.Web\SmartConstruction.Web.csproj]
D:\shangshizhi\src\SmartConstruction.Web\Pages\LowCodeDesigner.razor(25,17): warning RZ10012: Found markup element with unexpected name 'MBtn'. If this is intended to be a component, add a @using directive for its namespace. [D:\shangshizhi\src\SmartConstruction.Web\SmartConstruction.Web.csproj]
D:\shangshizhi\src\SmartConstruction.Web\Pages\LowCodeDesigner.razor(141,41): warning RZ10012: Found markup element with unexpected name 'MBtn'. If this is intended to be a component, add a @using directive for its namespace. [D:\shangshizhi\src\SmartConstruction.Web\SmartConstruction.Web.csproj]
D:\shangshizhi\src\SmartConstruction.Web\Pages\LowCodeDesigner.razor(188,33): warning RZ2012: Component 'MSelect' expects a value for the parameter 'ItemText', but a value may not have been provided. [D:\shangshizhi\src\SmartConstruction.Web\SmartConstruction.Web.csproj]
D:\shangshizhi\src\SmartConstruction.Web\Pages\LowCodeDesigner.razor(188,33): warning RZ2012: Component 'MSelect' expects a value for the parameter 'ItemValue', but a value may not have been provided. [D:\shangshizhi\src\SmartConstruction.Web\SmartConstruction.Web.csproj]
D:\shangshizhi\src\SmartConstruction.Web\Pages\LowCodeDesigner.razor(225,45): warning RZ10012: Found markup element with unexpected name 'MBtn'. If this is intended to be a component, add a @using directive for its namespace. [D:\shangshizhi\src\SmartConstruction.Web\SmartConstruction.Web.csproj]
D:\shangshizhi\src\SmartConstruction.Web\Pages\LowCodeDesigner.razor(230,37): warning RZ10012: Found markup element with unexpected name 'MBtn'. If this is intended to be a component, add a @using directive for its namespace. [D:\shangshizhi\src\SmartConstruction.Web\SmartConstruction.Web.csproj]
D:\shangshizhi\src\SmartConstruction.Web\Pages\LowCodeDesigner.razor(317,25): warning RZ10012: Found markup element with unexpected name 'MBtn'. If this is intended to be a component, add a @using directive for its namespace. [D:\shangshizhi\src\SmartConstruction.Web\SmartConstruction.Web.csproj]
D:\shangshizhi\src\SmartConstruction.Web\Pages\LowCodeDesigner.razor(320,25): warning RZ10012: Found markup element with unexpected name 'MBtn'. If this is intended to be a component, add a @using directive for its namespace. [D:\shangshizhi\src\SmartConstruction.Web\SmartConstruction.Web.csproj]
D:\shangshizhi\src\SmartConstruction.Web\Pages\LowCodeDesigner.razor(333,13): warning RZ10012: Found markup element with unexpected name 'MBtn'. If this is intended to be a component, add a @using directive for its namespace. [D:\shangshizhi\src\SmartConstruction.Web\SmartConstruction.Web.csproj]
D:\shangshizhi\src\SmartConstruction.Web\Pages\LowCodeDesigner.razor(357,13): warning RZ10012: Found markup element with unexpected name 'MBtn'. If this is intended to be a component, add a @using directive for its namespace. [D:\shangshizhi\src\SmartConstruction.Web\SmartConstruction.Web.csproj]
D:\shangshizhi\src\SmartConstruction.Web\Pages\ProjectList.razor(16,13): warning RZ10012: Found markup element with unexpected name 'MBtn'. If this is intended to be a component, add a @using directive for its namespace. [D:\shangshizhi\src\SmartConstruction.Web\SmartConstruction.Web.csproj]
D:\shangshizhi\src\SmartConstruction.Web\Pages\ProjectList.razor(30,17): warning RZ10012: Found markup element with unexpected name 'MImg'. If this is intended to be a component, add a @using directive for its namespace. [D:\shangshizhi\src\SmartConstruction.Web\SmartConstruction.Web.csproj]
D:\shangshizhi\src\SmartConstruction.Web\Pages\ProjectList.razor(57,21): warning RZ10012: Found markup element with unexpected name 'MBtn'. If this is intended to be a component, add a @using directive for its namespace. [D:\shangshizhi\src\SmartConstruction.Web\SmartConstruction.Web.csproj]
D:\shangshizhi\src\SmartConstruction.Web\Pages\ProjectList.razor(61,21): warning RZ10012: Found markup element with unexpected name 'MBtn'. If this is intended to be a component, add a @using directive for its namespace. [D:\shangshizhi\src\SmartConstruction.Web\SmartConstruction.Web.csproj]
D:\shangshizhi\src\SmartConstruction.Web\Pages\ProjectList.razor(64,21): warning RZ10012: Found markup element with unexpected name 'MBtn'. If this is intended to be a component, add a @using directive for its namespace. [D:\shangshizhi\src\SmartConstruction.Web\SmartConstruction.Web.csproj]
D:\shangshizhi\src\SmartConstruction.Web\Pages\ProjectList.razor(199,13): warning RZ10012: Found markup element with unexpected name 'MBtn'. If this is intended to be a component, add a @using directive for its namespace. [D:\shangshizhi\src\SmartConstruction.Web\SmartConstruction.Web.csproj]
D:\shangshizhi\src\SmartConstruction.Web\Pages\ProjectList.razor(200,13): warning RZ10012: Found markup element with unexpected name 'MBtn'. If this is intended to be a component, add a @using directive for its namespace. [D:\shangshizhi\src\SmartConstruction.Web\SmartConstruction.Web.csproj]
D:\shangshizhi\src\SmartConstruction.Web\Pages\ProjectList.razor(214,13): warning RZ10012: Found markup element with unexpected name 'MBtn'. If this is intended to be a component, add a @using directive for its namespace. [D:\shangshizhi\src\SmartConstruction.Web\SmartConstruction.Web.csproj]
D:\shangshizhi\src\SmartConstruction.Web\Pages\ProjectList.razor(215,13): warning RZ10012: Found markup element with unexpected name 'MBtn'. If this is intended to be a component, add a @using directive for its namespace. [D:\shangshizhi\src\SmartConstruction.Web\SmartConstruction.Web.csproj]
D:\shangshizhi\src\SmartConstruction.Web\Pages\SafetyInspection.razor(48,33): warning RZ10012: Found markup element with unexpected name 'MBtn'. If this is intended to be a component, add a @using directive for its namespace. [D:\shangshizhi\src\SmartConstruction.Web\SmartConstruction.Web.csproj]
D:\shangshizhi\src\SmartConstruction.Web\Pages\SafetyInspection.razor(51,33): warning RZ10012: Found markup element with unexpected name 'MBtn'. If this is intended to be a component, add a @using directive for its namespace. [D:\shangshizhi\src\SmartConstruction.Web\SmartConstruction.Web.csproj]
D:\shangshizhi\src\SmartConstruction.Web\Pages\SafetyInspection.razor(56,37): warning RZ10012: Found markup element with unexpected name 'MBtn'. If this is intended to be a component, add a @using directive for its namespace. [D:\shangshizhi\src\SmartConstruction.Web\SmartConstruction.Web.csproj]
D:\shangshizhi\src\SmartConstruction.Web\Pages\SafetyInspection.razor(77,13): warning RZ10012: Found markup element with unexpected name 'MBtn'. If this is intended to be a component, add a @using directive for its namespace. [D:\shangshizhi\src\SmartConstruction.Web\SmartConstruction.Web.csproj]
D:\shangshizhi\src\SmartConstruction.Web\Pages\SafetyInspection.razor(82,13): warning RZ10012: Found markup element with unexpected name 'MBtn'. If this is intended to be a component, add a @using directive for its namespace. [D:\shangshizhi\src\SmartConstruction.Web\SmartConstruction.Web.csproj]
D:\shangshizhi\src\SmartConstruction.Web\Pages\SafetyInspection.razor(152,13): warning RZ10012: Found markup element with unexpected name 'MBtn'. If this is intended to be a component, add a @using directive for its namespace. [D:\shangshizhi\src\SmartConstruction.Web\SmartConstruction.Web.csproj]
D:\shangshizhi\src\SmartConstruction.Web\Pages\SafetyInspection.razor(209,13): warning RZ10012: Found markup element with unexpected name 'MBtn'. If this is intended to be a component, add a @using directive for its namespace. [D:\shangshizhi\src\SmartConstruction.Web\SmartConstruction.Web.csproj]
D:\shangshizhi\src\SmartConstruction.Web\Pages\SafetyInspection.razor(210,13): warning RZ10012: Found markup element with unexpected name 'MBtn'. If this is intended to be a component, add a @using directive for its namespace. [D:\shangshizhi\src\SmartConstruction.Web\SmartConstruction.Web.csproj]
D:\shangshizhi\src\SmartConstruction.Web\Layout\MainLayout.razor(189,9): warning RZ10012: Found markup element with unexpected name 'MBtn'. If this is intended to be a component, add a @using directive for its namespace. [D:\shangshizhi\src\SmartConstruction.Web\SmartConstruction.Web.csproj]
D:\shangshizhi\src\SmartConstruction.Web\Layout\MainLayout.razor(194,17): warning RZ10012: Found markup element with unexpected name 'MBtn'. If this is intended to be a component, add a @using directive for its namespace. [D:\shangshizhi\src\SmartConstruction.Web\SmartConstruction.Web.csproj]
D:\shangshizhi\src\SmartConstruction.Web\Hubs\ConstructionHub.cs(23,32): warning CS8765: 参数“exception”类型的为 Null 性与重写成员不匹配(可能是由于为 Null 性特性)。 [D:\shangshizhi\src\SmartConstruction.Web\SmartConstruction.Web.csproj]
D:\shangshizhi\src\SmartConstruction.Web\Services\ApiServices\DataService.cs(87,33): warning CS8625: 无法将 null 字面量转换为非 null 的引用类型。 [D:\shangshizhi\src\SmartConstruction.Web\SmartConstruction.Web.csproj]
D:\shangshizhi\src\SmartConstruction.Web\Services\ApiServices\DataService.cs(87,56): warning CS8625: 无法将 null 字面量转换为非 null 的引用类型。 [D:\shangshizhi\src\SmartConstruction.Web\SmartConstruction.Web.csproj]
D:\shangshizhi\src\SmartConstruction.Web\Models\ViewModels\ProjectViewModel.cs(8,16): warning CS0108: “ProjectViewModel.Id”隐藏继承的成员“BaseViewModel.Id”。如果是有意隐藏，请使用关键字 new。 [D:\shangshizhi\src\SmartConstruction.Web\SmartConstruction.Web.csproj]
D:\shangshizhi\src\SmartConstruction.Web\Services\ApiServices\IDataService.cs(15,109): warning CS8625: 无法将 null 字面量转换为非 null 的引用类型。 [D:\shangshizhi\src\SmartConstruction.Web\SmartConstruction.Web.csproj]
D:\shangshizhi\src\SmartConstruction.Web\Services\ApiServices\IDataService.cs(15,132): warning CS8625: 无法将 null 字面量转换为非 null 的引用类型。 [D:\shangshizhi\src\SmartConstruction.Web\SmartConstruction.Web.csproj]
D:\shangshizhi\src\SmartConstruction.Web\Services\ApiServices\IDataService.cs(88,86): warning CS8625: 无法将 null 字面量转换为非 null 的引用类型。 [D:\shangshizhi\src\SmartConstruction.Web\SmartConstruction.Web.csproj]
D:\shangshizhi\src\SmartConstruction.Web\Services\ApiServices\IDataService.cs(131,83): warning CS8625: 无法将 null 字面量转换为非 null 的引用类型。 [D:\shangshizhi\src\SmartConstruction.Web\SmartConstruction.Web.csproj]
D:\shangshizhi\src\SmartConstruction.Web\Services\ApiServices\DataService.cs(370,103): warning CS8625: 无法将 null 字面量转换为非 null 的引用类型。 [D:\shangshizhi\src\SmartConstruction.Web\SmartConstruction.Web.csproj]
D:\shangshizhi\src\SmartConstruction.Web\Services\ApiServices\DataService.cs(558,100): warning CS8625: 无法将 null 字面量转换为非 null 的引用类型。 [D:\shangshizhi\src\SmartConstruction.Web\SmartConstruction.Web.csproj]
D:\shangshizhi\src\SmartConstruction.Web\Services\ApiServices\IDataService.cs(107,98): warning CS8625: 无法将 null 字面量转换为非 null 的引用类型。 [D:\shangshizhi\src\SmartConstruction.Web\SmartConstruction.Web.csproj]
D:\shangshizhi\src\SmartConstruction.Web\Services\ApiServices\DataService.cs(461,115): warning CS8625: 无法将 null 字面量转换为非 null 的引用类型。 [D:\shangshizhi\src\SmartConstruction.Web\SmartConstruction.Web.csproj]
D:\shangshizhi\src\SmartConstruction.Web\Services\ApiServices\IDataService.cs(146,70): warning CS8625: 无法将 null 字面量转换为非 null 的引用类型。 [D:\shangshizhi\src\SmartConstruction.Web\SmartConstruction.Web.csproj]
D:\shangshizhi\src\SmartConstruction.Web\Services\ApiServices\IDataService.cs(152,78): warning CS8625: 无法将 null 字面量转换为非 null 的引用类型。 [D:\shangshizhi\src\SmartConstruction.Web\SmartConstruction.Web.csproj]
D:\shangshizhi\src\SmartConstruction.Web\Services\ApiServices\DataService.cs(626,87): warning CS8625: 无法将 null 字面量转换为非 null 的引用类型。 [D:\shangshizhi\src\SmartConstruction.Web\SmartConstruction.Web.csproj]
D:\shangshizhi\src\SmartConstruction.Web\Services\ApiServices\DataService.cs(661,95): warning CS8625: 无法将 null 字面量转换为非 null 的引用类型。 [D:\shangshizhi\src\SmartConstruction.Web\SmartConstruction.Web.csproj]
D:\shangshizhi\src\SmartConstruction.Web\Services\SignalRService.cs(66,12): warning CS8618: 在退出构造函数时，不可为 null 的 字段 "_hubConnection" 必须包含非 null 值。请考虑添加 "required" 修饰符或将该 字段 声明为可为 null。 [D:\shangshizhi\src\SmartConstruction.Web\SmartConstruction.Web.csproj]
D:\shangshizhi\src\SmartConstruction.Web\Services\SignalRService.cs(66,12): warning CS8618: 在退出构造函数时，不可为 null 的 事件 "OnAttendanceStatisticsUpdated" 必须包含非 null 值。请考虑添加 "required" 修饰符或将该 事件 声明为可为 null。 [D:\shangshizhi\src\SmartConstruction.Web\SmartConstruction.Web.csproj]
D:\shangshizhi\src\SmartConstruction.Web\Services\SignalRService.cs(66,12): warning CS8618: 在退出构造函数时，不可为 null 的 事件 "OnDeviceDataReceived" 必须包含非 null 值。请考虑添加 "required" 修饰符或将该 事件 声明为可为 null。 [D:\shangshizhi\src\SmartConstruction.Web\SmartConstruction.Web.csproj]
D:\shangshizhi\src\SmartConstruction.Web\Services\SignalRService.cs(66,12): warning CS8618: 在退出构造函数时，不可为 null 的 事件 "OnDeviceAlertReceived" 必须包含非 null 值。请考虑添加 "required" 修饰符或将该 事件 声明为可为 null。 [D:\shangshizhi\src\SmartConstruction.Web\SmartConstruction.Web.csproj]
D:\shangshizhi\src\SmartConstruction.Web\Services\SignalRService.cs(66,12): warning CS8618: 在退出构造函数时，不可为 null 的 事件 "OnIoTAlertReceived" 必须包含非 null 值。请考虑添加 "required" 修饰符或将该 事件 声明为可为 null。 [D:\shangshizhi\src\SmartConstruction.Web\SmartConstruction.Web.csproj]
D:\shangshizhi\src\SmartConstruction.Web\Services\SignalRService.cs(66,12): warning CS8618: 在退出构造函数时，不可为 null 的 事件 "OnSafetyAlertReceived" 必须包含非 null 值。请考虑添加 "required" 修饰符或将该 事件 声明为可为 null。 [D:\shangshizhi\src\SmartConstruction.Web\SmartConstruction.Web.csproj]
D:\shangshizhi\src\SmartConstruction.Web\Services\SignalRService.cs(66,12): warning CS8618: 在退出构造函数时，不可为 null 的 事件 "OnNotificationReceived" 必须包含非 null 值。请考虑添加 "required" 修饰符或将该 事件 声明为可为 null。 [D:\shangshizhi\src\SmartConstruction.Web\SmartConstruction.Web.csproj]
D:\shangshizhi\src\SmartConstruction.Web\Services\SignalRService.cs(66,12): warning CS8618: 在退出构造函数时，不可为 null 的 事件 "OnConnectionStatusChanged" 必须包含非 null 值。请考虑添加 "required" 修饰符或将该 事件 声明为可为 null。 [D:\shangshizhi\src\SmartConstruction.Web\SmartConstruction.Web.csproj]
D:\shangshizhi\src\SmartConstruction.Web\Services\SignalRService.cs(76,26): warning CS8602: 解引用可能出现空引用。 [D:\shangshizhi\src\SmartConstruction.Web\SmartConstruction.Web.csproj]
D:\shangshizhi\src\SmartConstruction.Web\Services\SignalRService.cs(200,30): warning CS8625: 无法将 null 字面量转换为非 null 的引用类型。 [D:\shangshizhi\src\SmartConstruction.Web\SmartConstruction.Web.csproj]
D:\shangshizhi\src\SmartConstruction.Web\Models\DeviceAlertViewModel.cs(8,19): warning CS8618: 在退出构造函数时，不可为 null 的 属性 "DeviceId" 必须包含非 null 值。请考虑添加 "required" 修饰符或将该 属性 声明为可为 null。 [D:\shangshizhi\src\SmartConstruction.Web\SmartConstruction.Web.csproj]
D:\shangshizhi\src\SmartConstruction.Web\Models\DeviceAlertViewModel.cs(9,19): warning CS8618: 在退出构造函数时，不可为 null 的 属性 "DeviceName" 必须包含非 null 值。请考虑添加 "required" 修饰符或将该 属性 声明为可为 null。 [D:\shangshizhi\src\SmartConstruction.Web\SmartConstruction.Web.csproj]
D:\shangshizhi\src\SmartConstruction.Web\Models\DeviceAlertViewModel.cs(10,19): warning CS8618: 在退出构造函数时，不可为 null 的 属性 "AlertType" 必须包含非 null 值。请考虑添加 "required" 修饰符或将该 属性 声明为可为 null。 [D:\shangshizhi\src\SmartConstruction.Web\SmartConstruction.Web.csproj]
D:\shangshizhi\src\SmartConstruction.Web\Models\DeviceAlertViewModel.cs(11,19): warning CS8618: 在退出构造函数时，不可为 null 的 属性 "Level" 必须包含非 null 值。请考虑添加 "required" 修饰符或将该 属性 声明为可为 null。 [D:\shangshizhi\src\SmartConstruction.Web\SmartConstruction.Web.csproj]
D:\shangshizhi\src\SmartConstruction.Web\Models\DeviceAlertViewModel.cs(12,19): warning CS8618: 在退出构造函数时，不可为 null 的 属性 "Message" 必须包含非 null 值。请考虑添加 "required" 修饰符或将该 属性 声明为可为 null。 [D:\shangshizhi\src\SmartConstruction.Web\SmartConstruction.Web.csproj]
D:\shangshizhi\src\SmartConstruction.Web\App.razor(84,13): warning CS8602: 解引用可能出现空引用。 [D:\shangshizhi\src\SmartConstruction.Web\SmartConstruction.Web.csproj]
D:\shangshizhi\src\SmartConstruction.Web\App.razor(77,39): warning CS8618: 在退出构造函数时，不可为 null 的 属性 "authenticationStateTask" 必须包含非 null 值。请考虑添加 "required" 修饰符或将该 属性 声明为可为 null。 [D:\shangshizhi\src\SmartConstruction.Web\SmartConstruction.Web.csproj]
D:\shangshizhi\src\SmartConstruction.Web\Models\SafetyAlertViewModel.cs(10,19): warning CS8618: 在退出构造函数时，不可为 null 的 属性 "Type" 必须包含非 null 值。请考虑添加 "required" 修饰符或将该 属性 声明为可为 null。 [D:\shangshizhi\src\SmartConstruction.Web\SmartConstruction.Web.csproj]
D:\shangshizhi\src\SmartConstruction.Web\Models\SafetyAlertViewModel.cs(11,19): warning CS8618: 在退出构造函数时，不可为 null 的 属性 "Level" 必须包含非 null 值。请考虑添加 "required" 修饰符或将该 属性 声明为可为 null。 [D:\shangshizhi\src\SmartConstruction.Web\SmartConstruction.Web.csproj]
D:\shangshizhi\src\SmartConstruction.Web\Models\SafetyAlertViewModel.cs(12,19): warning CS8618: 在退出构造函数时，不可为 null 的 属性 "Location" 必须包含非 null 值。请考虑添加 "required" 修饰符或将该 属性 声明为可为 null。 [D:\shangshizhi\src\SmartConstruction.Web\SmartConstruction.Web.csproj]
D:\shangshizhi\src\SmartConstruction.Web\Models\SafetyAlertViewModel.cs(13,19): warning CS8618: 在退出构造函数时，不可为 null 的 属性 "Description" 必须包含非 null 值。请考虑添加 "required" 修饰符或将该 属性 声明为可为 null。 [D:\shangshizhi\src\SmartConstruction.Web\SmartConstruction.Web.csproj]
D:\shangshizhi\src\SmartConstruction.Web\Models\SafetyAlertViewModel.cs(14,19): warning CS8618: 在退出构造函数时，不可为 null 的 属性 "ImageUrl" 必须包含非 null 值。请考虑添加 "required" 修饰符或将该 属性 声明为可为 null。 [D:\shangshizhi\src\SmartConstruction.Web\SmartConstruction.Web.csproj]
D:\shangshizhi\src\SmartConstruction.Web\Services\ApiServices\DataService.cs(28,24): warning CS8603: 可能返回 null 引用。 [D:\shangshizhi\src\SmartConstruction.Web\SmartConstruction.Web.csproj]
D:\shangshizhi\src\SmartConstruction.Web\Services\ApiServices\DataService.cs(48,24): warning CS8603: 可能返回 null 引用。 [D:\shangshizhi\src\SmartConstruction.Web\SmartConstruction.Web.csproj]
D:\shangshizhi\src\SmartConstruction.Web\Services\IFileService.cs(59,34): warning CS8602: 解引用可能出现空引用。 [D:\shangshizhi\src\SmartConstruction.Web\SmartConstruction.Web.csproj]
D:\shangshizhi\src\SmartConstruction.Web\Services\ApiServices\DataService.cs(63,24): warning CS8603: 可能返回 null 引用。 [D:\shangshizhi\src\SmartConstruction.Web\SmartConstruction.Web.csproj]
D:\shangshizhi\src\SmartConstruction.Web\Pages\ProjectList.razor(411,39): warning CS8601: 可能的 null 引用赋值。 [D:\shangshizhi\src\SmartConstruction.Web\SmartConstruction.Web.csproj]
D:\shangshizhi\src\SmartConstruction.Web\Pages\ProjectList.razor(421,42): warning CS8601: 可能的 null 引用赋值。 [D:\shangshizhi\src\SmartConstruction.Web\SmartConstruction.Web.csproj]
D:\shangshizhi\src\SmartConstruction.Web\Pages\ProjectList.razor(223,19): warning CS8618: 在退出构造函数时，不可为 null 的 字段 "_form" 必须包含非 null 值。请考虑添加 "required" 修饰符或将该 字段 声明为可为 null。 [D:\shangshizhi\src\SmartConstruction.Web\SmartConstruction.Web.csproj]
D:\shangshizhi\src\SmartConstruction.Web\Pages\ProjectList.razor(227,30): warning CS8618: 在退出构造函数时，不可为 null 的 字段 "_deletingProject" 必须包含非 null 值。请考虑添加 "required" 修饰符或将该 字段 声明为可为 null。 [D:\shangshizhi\src\SmartConstruction.Web\SmartConstruction.Web.csproj]
D:\shangshizhi\src\SmartConstruction.Web\Pages\GovernmentPush.razor(440,27): warning CS8601: 可能的 null 引用赋值。 [D:\shangshizhi\src\SmartConstruction.Web\SmartConstruction.Web.csproj]
D:\shangshizhi\src\SmartConstruction.Web\Pages\GovernmentPush.razor(441,24): warning CS8601: 可能的 null 引用赋值。 [D:\shangshizhi\src\SmartConstruction.Web\SmartConstruction.Web.csproj]
D:\shangshizhi\src\SmartConstruction.Web\Pages\SafetyInspection.razor(321,32): warning CS1998: 此异步方法缺少 "await" 运算符，将以同步方式运行。请考虑使用 "await" 运算符等待非阻止的 API 调用，或者使用 "await Task.Run(...)" 在后台线程上执行占用大量 CPU 的工作。 [D:\shangshizhi\src\SmartConstruction.Web\SmartConstruction.Web.csproj]
D:\shangshizhi\src\SmartConstruction.Web\Pages\GovernmentPush.razor(286,19): warning CS8618: 在退出构造函数时，不可为 null 的 字段 "_form" 必须包含非 null 值。请考虑添加 "required" 修饰符或将该 字段 声明为可为 null。 [D:\shangshizhi\src\SmartConstruction.Web\SmartConstruction.Web.csproj]
D:\shangshizhi\src\SmartConstruction.Web\Pages\GovernmentPush.razor(289,37): warning CS8618: 在退出构造函数时，不可为 null 的 字段 "_selectedRecord" 必须包含非 null 值。请考虑添加 "required" 修饰符或将该 字段 声明为可为 null。 [D:\shangshizhi\src\SmartConstruction.Web\SmartConstruction.Web.csproj]
D:\shangshizhi\src\SmartConstruction.Web\Pages\GovernmentPush.razor(556,23): warning CS8618: 在退出构造函数时，不可为 null 的 属性 "Name" 必须包含非 null 值。请考虑添加 "required" 修饰符或将该 属性 声明为可为 null。 [D:\shangshizhi\src\SmartConstruction.Web\SmartConstruction.Web.csproj]
D:\shangshizhi\src\SmartConstruction.Web\Pages\GovernmentPush.razor(557,23): warning CS8618: 在退出构造函数时，不可为 null 的 属性 "Text" 必须包含非 null 值。请考虑添加 "required" 修饰符或将该 属性 声明为可为 null。 [D:\shangshizhi\src\SmartConstruction.Web\SmartConstruction.Web.csproj]
D:\shangshizhi\src\SmartConstruction.Web\Pages\GovernmentPush.razor(558,23): warning CS8618: 在退出构造函数时，不可为 null 的 属性 "Value" 必须包含非 null 值。请考虑添加 "required" 修饰符或将该 属性 声明为可为 null。 [D:\shangshizhi\src\SmartConstruction.Web\SmartConstruction.Web.csproj]
D:\shangshizhi\src\SmartConstruction.Web\Pages\GovernmentPush.razor(564,23): warning CS8618: 在退出构造函数时，不可为 null 的 属性 "DataType" 必须包含非 null 值。请考虑添加 "required" 修饰符或将该 属性 声明为可为 null。 [D:\shangshizhi\src\SmartConstruction.Web\SmartConstruction.Web.csproj]
D:\shangshizhi\src\SmartConstruction.Web\Pages\GovernmentPush.razor(567,23): warning CS8618: 在退出构造函数时，不可为 null 的 属性 "Remark" 必须包含非 null 值。请考虑添加 "required" 修饰符或将该 属性 声明为可为 null。 [D:\shangshizhi\src\SmartConstruction.Web\SmartConstruction.Web.csproj]
D:\shangshizhi\src\SmartConstruction.Web\Pages\GovernmentPush.razor(580,23): warning CS8618: 在退出构造函数时，不可为 null 的 属性 "DataType" 必须包含非 null 值。请考虑添加 "required" 修饰符或将该 属性 声明为可为 null。 [D:\shangshizhi\src\SmartConstruction.Web\SmartConstruction.Web.csproj]
D:\shangshizhi\src\SmartConstruction.Web\Pages\GovernmentPush.razor(581,23): warning CS8618: 在退出构造函数时，不可为 null 的 属性 "DataTypeName" 必须包含非 null 值。请考虑添加 "required" 修饰符或将该 属性 声明为可为 null。 [D:\shangshizhi\src\SmartConstruction.Web\SmartConstruction.Web.csproj]
D:\shangshizhi\src\SmartConstruction.Web\Pages\GovernmentPush.razor(582,23): warning CS8618: 在退出构造函数时，不可为 null 的 属性 "Frequency" 必须包含非 null 值。请考虑添加 "required" 修饰符或将该 属性 声明为可为 null。 [D:\shangshizhi\src\SmartConstruction.Web\SmartConstruction.Web.csproj]
D:\shangshizhi\src\SmartConstruction.Web\Services\ApiServices\DataService.cs(693,20): warning CS8603: 可能返回 null 引用。 [D:\shangshizhi\src\SmartConstruction.Web\SmartConstruction.Web.csproj]
D:\shangshizhi\src\SmartConstruction.Web\Pages\SafetyInspection.razor(224,19): warning CS8618: 在退出构造函数时，不可为 null 的 字段 "_reportForm" 必须包含非 null 值。请考虑添加 "required" 修饰符或将该 字段 声明为可为 null。 [D:\shangshizhi\src\SmartConstruction.Web\SmartConstruction.Web.csproj]
D:\shangshizhi\src\SmartConstruction.Web\Pages\iot\Realtime.razor(523,24): warning CS1998: 此异步方法缺少 "await" 运算符，将以同步方式运行。请考虑使用 "await" 运算符等待非阻止的 API 调用，或者使用 "await Task.Run(...)" 在后台线程上执行占用大量 CPU 的工作。 [D:\shangshizhi\src\SmartConstruction.Web\SmartConstruction.Web.csproj]
D:\shangshizhi\src\SmartConstruction.Web\Pages\LowCodeDesigner.razor(583,24): warning CS1998: 此异步方法缺少 "await" 运算符，将以同步方式运行。请考虑使用 "await" 运算符等待非阻止的 API 调用，或者使用 "await Task.Run(...)" 在后台线程上执行占用大量 CPU 的工作。 [D:\shangshizhi\src\SmartConstruction.Web\SmartConstruction.Web.csproj]
D:\shangshizhi\src\SmartConstruction.Web\Pages\LowCodeDesigner.razor(608,24): warning CS1998: 此异步方法缺少 "await" 运算符，将以同步方式运行。请考虑使用 "await" 运算符等待非阻止的 API 调用，或者使用 "await Task.Run(...)" 在后台线程上执行占用大量 CPU 的工作。 [D:\shangshizhi\src\SmartConstruction.Web\SmartConstruction.Web.csproj]
D:\shangshizhi\src\SmartConstruction.Web\Pages\iot\Realtime.razor(616,24): warning CS1998: 此异步方法缺少 "await" 运算符，将以同步方式运行。请考虑使用 "await" 运算符等待非阻止的 API 调用，或者使用 "await Task.Run(...)" 在后台线程上执行占用大量 CPU 的工作。 [D:\shangshizhi\src\SmartConstruction.Web\SmartConstruction.Web.csproj]
D:\shangshizhi\src\SmartConstruction.Web\Pages\iot\Realtime.razor(708,23): warning CS8618: 在退出构造函数时，不可为 null 的 属性 "PlateNumber" 必须包含非 null 值。请考虑添加 "required" 修饰符或将该 属性 声明为可为 null。 [D:\shangshizhi\src\SmartConstruction.Web\SmartConstruction.Web.csproj]
D:\shangshizhi\src\SmartConstruction.Web\Pages\iot\Realtime.razor(709,23): warning CS8618: 在退出构造函数时，不可为 null 的 属性 "VehicleType" 必须包含非 null 值。请考虑添加 "required" 修饰符或将该 属性 声明为可为 null。 [D:\shangshizhi\src\SmartConstruction.Web\SmartConstruction.Web.csproj]
D:\shangshizhi\src\SmartConstruction.Web\Pages\iot\Realtime.razor(710,23): warning CS8618: 在退出构造函数时，不可为 null 的 属性 "Direction" 必须包含非 null 值。请考虑添加 "required" 修饰符或将该 属性 声明为可为 null。 [D:\shangshizhi\src\SmartConstruction.Web\SmartConstruction.Web.csproj]
D:\shangshizhi\src\SmartConstruction.Web\Pages\iot\Realtime.razor(681,23): warning CS8618: 在退出构造函数时，不可为 null 的 属性 "Status" 必须包含非 null 值。请考虑添加 "required" 修饰符或将该 属性 声明为可为 null。 [D:\shangshizhi\src\SmartConstruction.Web\SmartConstruction.Web.csproj]
D:\shangshizhi\src\SmartConstruction.Web\Pages\iot\Realtime.razor(698,23): warning CS8618: 在退出构造函数时，不可为 null 的 属性 "Direction" 必须包含非 null 值。请考虑添加 "required" 修饰符或将该 属性 声明为可为 null。 [D:\shangshizhi\src\SmartConstruction.Web\SmartConstruction.Web.csproj]
D:\shangshizhi\src\SmartConstruction.Web\Pages\iot\Realtime.razor(436,36): warning CS8618: 在退出构造函数时，不可为 null 的 字段 "_timer" 必须包含非 null 值。请考虑添加 "required" 修饰符或将该 字段 声明为可为 null。 [D:\shangshizhi\src\SmartConstruction.Web\SmartConstruction.Web.csproj]
D:\shangshizhi\src\SmartConstruction.Web\Pages\iot\Realtime.razor(437,27): warning CS8618: 在退出构造函数时，不可为 null 的 字段 "_hubConnection" 必须包含非 null 值。请考虑添加 "required" 修饰符或将该 字段 声明为可为 null。 [D:\shangshizhi\src\SmartConstruction.Web\SmartConstruction.Web.csproj]
D:\shangshizhi\src\SmartConstruction.Web\Pages\iot\Realtime.razor(437,27): warning CS0649: 从未对字段“Realtime._hubConnection”赋值，字段将一直保持其默认值 null [D:\shangshizhi\src\SmartConstruction.Web\SmartConstruction.Web.csproj]
D:\shangshizhi\src\SmartConstruction.Web\Pages\iot\Realtime.razor(435,18): warning CS0414: 字段“Realtime._alertDialog”已被赋值，但从未使用过它的值 [D:\shangshizhi\src\SmartConstruction.Web\SmartConstruction.Web.csproj]
D:\shangshizhi\src\SmartConstruction.Web\Pages\SafetyInspection.razor(222,18): warning CS0414: 字段“SafetyInspection._isGenerating”已被赋值，但从未使用过它的值 [D:\shangshizhi\src\SmartConstruction.Web\SmartConstruction.Web.csproj]
D:\shangshizhi\src\SmartConstruction.Service\Services\DeviceService.cs(166,39): error CS1061: “long”未包含“HasValue”的定义，并且找不到可接受第一个“long”类型参数的可访问扩展方法“HasValue”(是否缺少 using 指令或程序集引用?) [D:\shangshizhi\src\SmartConstruction.Service\SmartConstruction.Service.csproj]
D:\shangshizhi\src\SmartConstruction.Service\Services\DeviceService.cs(168,102): error CS1061: “long”未包含“Value”的定义，并且找不到可接受第一个“long”类型参数的可访问扩展方法“Value”(是否缺少 using 指令或程序集引用?) [D:\shangshizhi\src\SmartConstruction.Service\SmartConstruction.Service.csproj]
D:\shangshizhi\src\SmartConstruction.Service\Infrastructure\UnitOfWork\UnitOfWork.cs(174,68): error CS1503: 参数 1: 无法从“System.Data.IsolationLevel”转换为“System.Threading.CancellationToken” [D:\shangshizhi\src\SmartConstruction.Service\SmartConstruction.Service.csproj]
D:\shangshizhi\src\SmartConstruction.Service\Services\ProjectService.cs(64,62): error CS1503: 参数 1: 无法从“System.Linq.Expressions.Expression”转换为“System.Linq.Expressions.Expression<System.Func<SmartConstruction.Contracts.Entities.Project, bool>>” [D:\shangshizhi\src\SmartConstruction.Service\SmartConstruction.Service.csproj]
D:\shangshizhi\src\SmartConstruction.Service\Infrastructure\UnitOfWork\UnitOfWork.cs(222,46): error CS1061: “DatabaseFacade”未包含“ExecuteSqlRawAsync”的定义，并且找不到可接受第一个“DatabaseFacade”类型参数的可访问扩展方法“ExecuteSqlRawAsync”(是否缺少 using 指令或程序集引用?) [D:\shangshizhi\src\SmartConstruction.Service\SmartConstruction.Service.csproj]
D:\shangshizhi\src\SmartConstruction.Service\Services\DeviceService.cs(214,39): error CS1061: “long”未包含“HasValue”的定义，并且找不到可接受第一个“long”类型参数的可访问扩展方法“HasValue”(是否缺少 using 指令或程序集引用?) [D:\shangshizhi\src\SmartConstruction.Service\SmartConstruction.Service.csproj]
D:\shangshizhi\src\SmartConstruction.Service\Services\DeviceService.cs(216,102): error CS1061: “long”未包含“Value”的定义，并且找不到可接受第一个“long”类型参数的可访问扩展方法“Value”(是否缺少 using 指令或程序集引用?) [D:\shangshizhi\src\SmartConstruction.Service\SmartConstruction.Service.csproj]
D:\shangshizhi\src\SmartConstruction.Service\Infrastructure\UnitOfWork\UnitOfWork.cs(260,33): error CS1061: “DatabaseFacade”未包含“SetCommandTimeout”的定义，并且找不到可接受第一个“DatabaseFacade”类型参数的可访问扩展方法“SetCommandTimeout”(是否缺少 using 指令或程序集引用?) [D:\shangshizhi\src\SmartConstruction.Service\SmartConstruction.Service.csproj]
D:\shangshizhi\src\SmartConstruction.Service\Services\ProjectService.cs(264,68): error CS1503: 参数 1: 无法从“System.Linq.Expressions.Expression”转换为“System.Linq.Expressions.Expression<System.Func<SmartConstruction.Contracts.Entities.Project, bool>>” [D:\shangshizhi\src\SmartConstruction.Service\SmartConstruction.Service.csproj]
D:\shangshizhi\src\SmartConstruction.Service\Services\SafetyIncidentService.cs(62,88): error CS1503: 参数 1: 无法从“System.Linq.IQueryable<SmartConstruction.Contracts.Entities.Team>”转换为“System.Linq.Expressions.Expression<System.Func<SmartConstruction.Contracts.Entities.SafetyIncident, bool>>” [D:\shangshizhi\src\SmartConstruction.Service\SmartConstruction.Service.csproj]
D:\shangshizhi\src\SmartConstruction.Service\Services\SafetyIncidentService.cs(64,52): error CS1061: “Team”未包含“DetectedTime”的定义，并且找不到可接受第一个“Team”类型参数的可访问扩展方法“DetectedTime”(是否缺少 using 指令或程序集引用?) [D:\shangshizhi\src\SmartConstruction.Service\SmartConstruction.Service.csproj]
D:\shangshizhi\src\SmartConstruction.Service\Services\ProjectService.cs(289,62): error CS1503: 参数 1: 无法从“System.Linq.Expressions.Expression”转换为“System.Linq.Expressions.Expression<System.Func<SmartConstruction.Contracts.Entities.Project, bool>>” [D:\shangshizhi\src\SmartConstruction.Service\SmartConstruction.Service.csproj]
D:\shangshizhi\src\SmartConstruction.Service\Services\DashboardService.cs(140,64): error CS1061: “AttendanceRecord”未包含“IsLate”的定义，并且找不到可接受第一个“AttendanceRecord”类型参数的可访问扩展方法“IsLate”(是否缺少 using 指令或程序集引用?) [D:\shangshizhi\src\SmartConstruction.Service\SmartConstruction.Service.csproj]
D:\shangshizhi\src\SmartConstruction.Service\Services\DashboardService.cs(141,70): error CS1061: “AttendanceRecord”未包含“IsEarlyLeave”的定义，并且找不到可接受第一个“AttendanceRecord”类型参数的可访问扩展方法“IsEarlyLeave”(是否缺少 using 指令或程序集引用?) [D:\shangshizhi\src\SmartConstruction.Service\SmartConstruction.Service.csproj]
D:\shangshizhi\src\SmartConstruction.Service\Services\DashboardService.cs(164,53): error CS1061: “ISafetyIncidentService”未包含“GetProjectSafetyStatisticsAsync”的定义，并且找不到可接受第一个“ISafetyIncidentService”类型参数的可访问扩展方法“GetProjectSafetyStatisticsAsync”(是否缺少 using 指令或程序集引用?) [D:\shangshizhi\src\SmartConstruction.Service\SmartConstruction.Service.csproj]
D:\shangshizhi\src\SmartConstruction.Service\Services\DashboardService.cs(254,40): error CS0029: 无法将类型“SmartConstruction.Contracts.Dtos.Dashboard.DeviceStatusStatisticsDto”隐式转换为“SmartConstruction.Contracts.Dtos.Dashboard.DeviceStatisticsDto” [D:\shangshizhi\src\SmartConstruction.Service\SmartConstruction.Service.csproj]
D:\shangshizhi\src\SmartConstruction.Service\Services\DashboardService.cs(297,106): error CS1503: 参数 1: 无法从“long?”转换为“long” [D:\shangshizhi\src\SmartConstruction.Service\SmartConstruction.Service.csproj]
D:\shangshizhi\src\SmartConstruction.Service\Services\DashboardService.cs(305,23): error CS1061: “SafetyIncident”未包含“IncidentDate”的定义，并且找不到可接受第一个“SafetyIncident”类型参数的可访问扩展方法“IncidentDate”(是否缺少 using 指令或程序集引用?) [D:\shangshizhi\src\SmartConstruction.Service\SmartConstruction.Service.csproj]
D:\shangshizhi\src\SmartConstruction.Service\Services\DashboardService.cs(306,23): error CS1061: “SafetyIncident”未包含“IncidentDate”的定义，并且找不到可接受第一个“SafetyIncident”类型参数的可访问扩展方法“IncidentDate”(是否缺少 using 指令或程序集引用?) [D:\shangshizhi\src\SmartConstruction.Service\SmartConstruction.Service.csproj]
D:\shangshizhi\src\SmartConstruction.Service\Services\DashboardService.cs(327,43): error CS1061: “Company”未包含“Name”的定义，并且找不到可接受第一个“Company”类型参数的可访问扩展方法“Name”(是否缺少 using 指令或程序集引用?) [D:\shangshizhi\src\SmartConstruction.Service\SmartConstruction.Service.csproj]
D:\shangshizhi\src\SmartConstruction.Web\Pages\Shared\_Layout.cshtml(12,47): error CS0103: 当前上下文中不存在名称“mdi” [D:\shangshizhi\src\SmartConstruction.Web\SmartConstruction.Web.csproj]
D:\shangshizhi\src\SmartConstruction.Web\Pages\GovernmentPush.razor(313,75): error CS0029: 无法将类型“string”隐式转换为“BlazorComponent.DataTableHeaderAlign” [D:\shangshizhi\src\SmartConstruction.Web\SmartConstruction.Web.csproj]
D:\shangshizhi\src\SmartConstruction.Web\Pages\_Layout.cshtml(15,47): error CS0103: 当前上下文中不存在名称“mdi” [D:\shangshizhi\src\SmartConstruction.Web\SmartConstruction.Web.csproj]
D:\shangshizhi\src\SmartConstruction.Web\Pages\ProjectList.razor(34,61): error CS1503: 参数 1: 无法从“string”转换为“int” [D:\shangshizhi\src\SmartConstruction.Web\SmartConstruction.Web.csproj]
D:\shangshizhi\src\SmartConstruction.Web\Pages\ProjectList.razor(35,44): error CS1503: 参数 1: 无法从“string”转换为“int” [D:\shangshizhi\src\SmartConstruction.Web\SmartConstruction.Web.csproj]
D:\shangshizhi\src\SmartConstruction.Web\Pages\ProjectList.razor(47,55): error CS1501: “ToString”方法没有采用 1 个参数的重载 [D:\shangshizhi\src\SmartConstruction.Web\SmartConstruction.Web.csproj]
D:\shangshizhi\src\SmartConstruction.Web\Pages\ProjectList.razor(116,43): error CS0103: 当前上下文中不存在名称“Name” [D:\shangshizhi\src\SmartConstruction.Web\SmartConstruction.Web.csproj]
D:\shangshizhi\src\SmartConstruction.Web\Pages\ProjectList.razor(117,44): error CS0103: 当前上下文中不存在名称“Id” [D:\shangshizhi\src\SmartConstruction.Web\SmartConstruction.Web.csproj]
D:\shangshizhi\src\SmartConstruction.Web\Pages\ProjectList.razor(127,43): error CS0103: 当前上下文中不存在名称“Name” [D:\shangshizhi\src\SmartConstruction.Web\SmartConstruction.Web.csproj]
D:\shangshizhi\src\SmartConstruction.Web\Pages\ProjectList.razor(128,44): error CS0103: 当前上下文中不存在名称“Id” [D:\shangshizhi\src\SmartConstruction.Web\SmartConstruction.Web.csproj]
D:\shangshizhi\src\SmartConstruction.Web\Pages\ProjectList.razor(157,43): error CS0103: 当前上下文中不存在名称“Text” [D:\shangshizhi\src\SmartConstruction.Web\SmartConstruction.Web.csproj]
D:\shangshizhi\src\SmartConstruction.Web\Pages\ProjectList.razor(158,44): error CS0103: 当前上下文中不存在名称“Value” [D:\shangshizhi\src\SmartConstruction.Web\SmartConstruction.Web.csproj]
D:\shangshizhi\src\SmartConstruction.Web\obj\Debug\net8.0\Microsoft.CodeAnalysis.Razor.Compiler\Microsoft.NET.Sdk.Razor.SourceGenerators.RazorSourceGenerator\Pages_ProjectList_razor.g.cs(810,177): error CS1662: 无法将 lambda 表达式 转换为预期委托类型，因为块中的某些返回类型不可隐式转换为委托返回类型 [D:\shangshizhi\src\SmartConstruction.Web\SmartConstruction.Web.csproj]
D:\shangshizhi\src\SmartConstruction.Web\Pages\ProjectList.razor(288,26): error CS0029: 无法将类型“int”隐式转换为“string” [D:\shangshizhi\src\SmartConstruction.Web\SmartConstruction.Web.csproj]
D:\shangshizhi\src\SmartConstruction.Web\Pages\ProjectList.razor(306,26): error CS0029: 无法将类型“int”隐式转换为“string” [D:\shangshizhi\src\SmartConstruction.Web\SmartConstruction.Web.csproj]
D:\shangshizhi\src\SmartConstruction.Web\Pages\ProjectList.razor(324,26): error CS0029: 无法将类型“int”隐式转换为“string” [D:\shangshizhi\src\SmartConstruction.Web\SmartConstruction.Web.csproj]
D:\shangshizhi\src\SmartConstruction.Web\Pages\ProjectList.razor(342,26): error CS0029: 无法将类型“int”隐式转换为“string” [D:\shangshizhi\src\SmartConstruction.Web\SmartConstruction.Web.csproj]
D:\shangshizhi\src\SmartConstruction.Web\Pages\SafetyInspection.razor(176,43): error CS0103: 当前上下文中不存在名称“Text” [D:\shangshizhi\src\SmartConstruction.Web\SmartConstruction.Web.csproj]
D:\shangshizhi\src\SmartConstruction.Web\Pages\SafetyInspection.razor(177,44): error CS0103: 当前上下文中不存在名称“Value” [D:\shangshizhi\src\SmartConstruction.Web\SmartConstruction.Web.csproj]
D:\shangshizhi\src\SmartConstruction.Web\obj\Debug\net8.0\Microsoft.CodeAnalysis.Razor.Compiler\Microsoft.NET.Sdk.Razor.SourceGenerators.RazorSourceGenerator\Pages_SafetyInspection_razor.g.cs(1242,177): error CS1662: 无法将 lambda 表达式 转换为预期委托类型，因为块中的某些返回类型不可隐式转换为委托返回类型 [D:\shangshizhi\src\SmartConstruction.Web\SmartConstruction.Web.csproj]
D:\shangshizhi\src\SmartConstruction.Web\Pages\SafetyInspection.razor(258,27): error CS0019: 运算符“??”无法应用于“List<string>”和“List<SafetyIssueViewModel>”类型的操作数 [D:\shangshizhi\src\SmartConstruction.Web\SmartConstruction.Web.csproj]
D:\shangshizhi\src\SmartConstruction.Web\Pages\SafetyInspection.razor(279,32): error CS1061: “MForm”未包含“ValidateAsync”的定义，并且找不到可接受第一个“MForm”类型参数的可访问扩展方法“ValidateAsync”(是否缺少 using 指令或程序集引用?) [D:\shangshizhi\src\SmartConstruction.Web\SmartConstruction.Web.csproj]
D:\shangshizhi\src\SmartConstruction.Web\Pages\SafetyInspection.razor(309,22): error CS1501: “Add”方法没有采用 2 个参数的重载 [D:\shangshizhi\src\SmartConstruction.Web\SmartConstruction.Web.csproj]
D:\shangshizhi\src\SmartConstruction.Web\Pages\SafetyInspection.razor(313,22): error CS1501: “Add”方法没有采用 2 个参数的重载 [D:\shangshizhi\src\SmartConstruction.Web\SmartConstruction.Web.csproj]
D:\shangshizhi\src\SmartConstruction.Web\Pages\ProjectList.razor(387,26): error CS1061: “MForm”未包含“ValidateAsync”的定义，并且找不到可接受第一个“MForm”类型参数的可访问扩展方法“ValidateAsync”(是否缺少 using 指令或程序集引用?) [D:\shangshizhi\src\SmartConstruction.Web\SmartConstruction.Web.csproj]
D:\shangshizhi\src\SmartConstruction.Web\Pages\ProjectList.razor(413,22): error CS1501: “Add”方法没有采用 2 个参数的重载 [D:\shangshizhi\src\SmartConstruction.Web\SmartConstruction.Web.csproj]
D:\shangshizhi\src\SmartConstruction.Web\Pages\ProjectList.razor(423,22): error CS1501: “Add”方法没有采用 2 个参数的重载 [D:\shangshizhi\src\SmartConstruction.Web\SmartConstruction.Web.csproj]
D:\shangshizhi\src\SmartConstruction.Web\Pages\ProjectList.razor(435,18): error CS1501: “Add”方法没有采用 2 个参数的重载 [D:\shangshizhi\src\SmartConstruction.Web\SmartConstruction.Web.csproj]
D:\shangshizhi\src\SmartConstruction.Web\obj\Debug\net8.0\Microsoft.CodeAnalysis.Razor.Compiler\Microsoft.NET.Sdk.Razor.SourceGenerators.RazorSourceGenerator\Pages_GovernmentPush_razor.g.cs(1023,172): error CS1503: 参数 8: 无法从“Microsoft.AspNetCore.Components.EventCallback”转换为“Microsoft.AspNetCore.Components.EventCallback<bool>” [D:\shangshizhi\src\SmartConstruction.Web\SmartConstruction.Web.csproj]
D:\shangshizhi\src\SmartConstruction.Web\obj\Debug\net8.0\Microsoft.CodeAnalysis.Razor.Compiler\Microsoft.NET.Sdk.Razor.SourceGenerators.RazorSourceGenerator\Pages_GovernmentPush_razor.g.cs(1143,400): error CS1503: 参数 2: 无法从“Microsoft.AspNetCore.Components.EventCallback<string>”转换为“Microsoft.AspNetCore.Components.EventCallback” [D:\shangshizhi\src\SmartConstruction.Web\SmartConstruction.Web.csproj]
D:\shangshizhi\src\SmartConstruction.Web\Pages\GovernmentPush.razor(120,27): error CS0103: 当前上下文中不存在名称“all” [D:\shangshizhi\src\SmartConstruction.Web\SmartConstruction.Web.csproj]
D:\shangshizhi\src\SmartConstruction.Web\Pages\GovernmentPush.razor(121,27): error CS0103: 当前上下文中不存在名称“success” [D:\shangshizhi\src\SmartConstruction.Web\SmartConstruction.Web.csproj]
D:\shangshizhi\src\SmartConstruction.Web\Pages\GovernmentPush.razor(122,27): error CS0103: 当前上下文中不存在名称“failed” [D:\shangshizhi\src\SmartConstruction.Web\SmartConstruction.Web.csproj]
D:\shangshizhi\src\SmartConstruction.Web\Pages\GovernmentPush.razor(123,27): error CS0103: 当前上下文中不存在名称“pending” [D:\shangshizhi\src\SmartConstruction.Web\SmartConstruction.Web.csproj]
D:\shangshizhi\src\SmartConstruction.Web\Pages\GovernmentPush.razor(170,35): error CS0103: 当前上下文中不存在名称“Name” [D:\shangshizhi\src\SmartConstruction.Web\SmartConstruction.Web.csproj]
D:\shangshizhi\src\SmartConstruction.Web\Pages\GovernmentPush.razor(171,36): error CS0103: 当前上下文中不存在名称“Id” [D:\shangshizhi\src\SmartConstruction.Web\SmartConstruction.Web.csproj]
D:\shangshizhi\src\SmartConstruction.Web\Pages\GovernmentPush.razor(179,35): error CS0103: 当前上下文中不存在名称“Text” [D:\shangshizhi\src\SmartConstruction.Web\SmartConstruction.Web.csproj]
D:\shangshizhi\src\SmartConstruction.Web\Pages\GovernmentPush.razor(180,36): error CS0103: 当前上下文中不存在名称“Value” [D:\shangshizhi\src\SmartConstruction.Web\SmartConstruction.Web.csproj]
D:\shangshizhi\src\SmartConstruction.Web\obj\Debug\net8.0\Microsoft.CodeAnalysis.Razor.Compiler\Microsoft.NET.Sdk.Razor.SourceGenerators.RazorSourceGenerator\Pages_GovernmentPush_razor.g.cs(1594,177): error CS1662: 无法将 lambda 表达式 转换为预期委托类型，因为块中的某些返回类型不可隐式转换为委托返回类型 [D:\shangshizhi\src\SmartConstruction.Web\SmartConstruction.Web.csproj]
D:\shangshizhi\src\SmartConstruction.Web\Pages\GovernmentPush.razor(422,18): error CS1501: “Add”方法没有采用 2 个参数的重载 [D:\shangshizhi\src\SmartConstruction.Web\SmartConstruction.Web.csproj]
D:\shangshizhi\src\SmartConstruction.Web\Pages\GovernmentPush.razor(427,26): error CS1061: “MForm”未包含“ValidateAsync”的定义，并且找不到可接受第一个“MForm”类型参数的可访问扩展方法“ValidateAsync”(是否缺少 using 指令或程序集引用?) [D:\shangshizhi\src\SmartConstruction.Web\SmartConstruction.Web.csproj]
D:\shangshizhi\src\SmartConstruction.Web\Pages\GovernmentPush.razor(456,18): error CS1501: “Add”方法没有采用 2 个参数的重载 [D:\shangshizhi\src\SmartConstruction.Web\SmartConstruction.Web.csproj]
D:\shangshizhi\src\SmartConstruction.Web\Pages\GovernmentPush.razor(468,18): error CS1501: “Add”方法没有采用 2 个参数的重载 [D:\shangshizhi\src\SmartConstruction.Web\SmartConstruction.Web.csproj]
D:\shangshizhi\src\SmartConstruction.Web\Pages\GovernmentPush.razor(486,18): error CS1501: “Add”方法没有采用 2 个参数的重载 [D:\shangshizhi\src\SmartConstruction.Web\SmartConstruction.Web.csproj]
D:\shangshizhi\src\SmartConstruction.Web\Pages\GovernmentPush.razor(491,18): error CS1501: “Add”方法没有采用 2 个参数的重载 [D:\shangshizhi\src\SmartConstruction.Web\SmartConstruction.Web.csproj]
D:\shangshizhi\src\SmartConstruction.Web\Pages\SafetyInspection.razor(431,18): error CS1501: “Add”方法没有采用 2 个参数的重载 [D:\shangshizhi\src\SmartConstruction.Web\SmartConstruction.Web.csproj]
D:\shangshizhi\src\SmartConstruction.Web\Pages\SafetyInspection.razor(438,18): error CS1501: “Add”方法没有采用 2 个参数的重载 [D:\shangshizhi\src\SmartConstruction.Web\SmartConstruction.Web.csproj]
D:\shangshizhi\src\SmartConstruction.Web\Pages\SafetyInspection.razor(464,18): error CS1501: “Add”方法没有采用 2 个参数的重载 [D:\shangshizhi\src\SmartConstruction.Web\SmartConstruction.Web.csproj]
D:\shangshizhi\src\SmartConstruction.Web\obj\Debug\net8.0\Microsoft.CodeAnalysis.Razor.Compiler\Microsoft.NET.Sdk.Razor.SourceGenerators.RazorSourceGenerator\Layout_MainLayout_razor.g.cs(266,375): error CS1503: 参数 2: 无法从“Microsoft.AspNetCore.Components.EventCallback<bool>”转换为“Microsoft.AspNetCore.Components.EventCallback” [D:\shangshizhi\src\SmartConstruction.Web\SmartConstruction.Web.csproj]
D:\shangshizhi\src\SmartConstruction.Web\obj\Debug\net8.0\Microsoft.CodeAnalysis.Razor.Compiler\Microsoft.NET.Sdk.Razor.SourceGenerators.RazorSourceGenerator\Pages_LowCodeDesigner_razor.g.cs(1297,48): error CS1503: 参数 12: 无法从“Microsoft.AspNetCore.Components.EventCallback”转换为“Microsoft.AspNetCore.Components.EventCallback<string>” [D:\shangshizhi\src\SmartConstruction.Web\SmartConstruction.Web.csproj]
D:\shangshizhi\src\SmartConstruction.Web\obj\Debug\net8.0\Microsoft.CodeAnalysis.Razor.Compiler\Microsoft.NET.Sdk.Razor.SourceGenerators.RazorSourceGenerator\Pages_LowCodeDesigner_razor.g.cs(1333,48): error CS1503: 参数 12: 无法从“Microsoft.AspNetCore.Components.EventCallback”转换为“Microsoft.AspNetCore.Components.EventCallback<string>” [D:\shangshizhi\src\SmartConstruction.Web\SmartConstruction.Web.csproj]
D:\shangshizhi\src\SmartConstruction.Web\obj\Debug\net8.0\Microsoft.CodeAnalysis.Razor.Compiler\Microsoft.NET.Sdk.Razor.SourceGenerators.RazorSourceGenerator\Pages_LowCodeDesigner_razor.g.cs(1471,176): error CS1503: 参数 8: 无法从“Microsoft.AspNetCore.Components.EventCallback”转换为“Microsoft.AspNetCore.Components.EventCallback<bool>” [D:\shangshizhi\src\SmartConstruction.Web\SmartConstruction.Web.csproj]
D:\shangshizhi\src\SmartConstruction.Web\obj\Debug\net8.0\Microsoft.CodeAnalysis.Razor.Compiler\Microsoft.NET.Sdk.Razor.SourceGenerators.RazorSourceGenerator\Pages_LowCodeDesigner_razor.g.cs(1666,48): error CS1503: 参数 12: 无法从“Microsoft.AspNetCore.Components.EventCallback”转换为“Microsoft.AspNetCore.Components.EventCallback<string>” [D:\shangshizhi\src\SmartConstruction.Web\SmartConstruction.Web.csproj]
D:\shangshizhi\src\SmartConstruction.Web\obj\Debug\net8.0\Microsoft.CodeAnalysis.Razor.Compiler\Microsoft.NET.Sdk.Razor.SourceGenerators.RazorSourceGenerator\Pages_LowCodeDesigner_razor.g.cs(1726,48): error CS1503: 参数 14: 无法从“Microsoft.AspNetCore.Components.EventCallback”转换为“Microsoft.AspNetCore.Components.EventCallback<double?>” [D:\shangshizhi\src\SmartConstruction.Web\SmartConstruction.Web.csproj]
D:\shangshizhi\src\SmartConstruction.Web\obj\Debug\net8.0\Microsoft.CodeAnalysis.Razor.Compiler\Microsoft.NET.Sdk.Razor.SourceGenerators.RazorSourceGenerator\Pages_LowCodeDesigner_razor.g.cs(1762,48): error CS1503: 参数 14: 无法从“Microsoft.AspNetCore.Components.EventCallback”转换为“Microsoft.AspNetCore.Components.EventCallback<double?>” [D:\shangshizhi\src\SmartConstruction.Web\SmartConstruction.Web.csproj]
D:\shangshizhi\src\SmartConstruction.Web\obj\Debug\net8.0\Microsoft.CodeAnalysis.Razor.Compiler\Microsoft.NET.Sdk.Razor.SourceGenerators.RazorSourceGenerator\Pages_iot_Realtime_razor.g.cs(433,399): error CS1503: 参数 2: 无法从“Microsoft.AspNetCore.Components.EventCallback<string>”转换为“Microsoft.AspNetCore.Components.EventCallback” [D:\shangshizhi\src\SmartConstruction.Web\SmartConstruction.Web.csproj]
D:\shangshizhi\src\SmartConstruction.Web\Pages\LowCodeDesigner.razor(570,22): error CS1501: “Add”方法没有采用 2 个参数的重载 [D:\shangshizhi\src\SmartConstruction.Web\SmartConstruction.Web.csproj]
D:\shangshizhi\src\SmartConstruction.Web\Pages\LowCodeDesigner.razor(574,22): error CS1501: “Add”方法没有采用 2 个参数的重载 [D:\shangshizhi\src\SmartConstruction.Web\SmartConstruction.Web.csproj]
D:\shangshizhi\src\SmartConstruction.Web\Pages\LowCodeDesigner.razor(600,22): error CS1501: “Add”方法没有采用 2 个参数的重载 [D:\shangshizhi\src\SmartConstruction.Web\SmartConstruction.Web.csproj]
D:\shangshizhi\src\SmartConstruction.Web\Pages\LowCodeDesigner.razor(604,22): error CS1501: “Add”方法没有采用 2 个参数的重载 [D:\shangshizhi\src\SmartConstruction.Web\SmartConstruction.Web.csproj]
D:\shangshizhi\src\SmartConstruction.Web\Pages\LowCodeDesigner.razor(615,22): error CS1501: “Add”方法没有采用 2 个参数的重载 [D:\shangshizhi\src\SmartConstruction.Web\SmartConstruction.Web.csproj]
D:\shangshizhi\src\SmartConstruction.Web\Pages\LowCodeDesigner.razor(619,22): error CS1501: “Add”方法没有采用 2 个参数的重载 [D:\shangshizhi\src\SmartConstruction.Web\SmartConstruction.Web.csproj]
D:\shangshizhi\src\SmartConstruction.Web\Pages\iot\Realtime.razor(622,31): error CS0104: “AlertTypes”是“SmartConstruction.Web.Models.AlertTypes”和“BlazorComponent.AlertTypes”之间的不明确的引用 [D:\shangshizhi\src\SmartConstruction.Web\SmartConstruction.Web.csproj]
D:\shangshizhi\src\SmartConstruction.Web\Pages\iot\Realtime.razor(628,31): error CS0104: “AlertTypes”是“SmartConstruction.Web.Models.AlertTypes”和“BlazorComponent.AlertTypes”之间的不明确的引用 [D:\shangshizhi\src\SmartConstruction.Web\SmartConstruction.Web.csproj]
    170 个警告
    84 个错误

已用时间 00:00:11.46

有可用的工作负载更新。有关详细信息，请运行 `dotnet workload list`。
